 PhysXCooking_64

 Timestamp is 6368da55 (Mon Nov  7 19:13:41 2022)

 Preferred load address is 0000000180000000

 Start         Length     Name                   Class
 0001:00000000 000003c0H .text$di                CODE
 0001:000003c0 00029690H .text$mn                CODE
 0001:00029a50 00000040H .text$mn$00             CODE
 0001:00029a90 00000768H .text$x                 CODE
 0002:00000000 000001c0H .idata$5                DATA
 0002:000001c0 00000038H .00cfg                  DATA
 0002:000001f8 00000008H .CRT$XCA                DATA
 0002:00000200 000001e0H .CRT$XCU                DATA
 0002:000003e0 00000008H .CRT$XCZ                DATA
 0002:000003e8 00000008H .CRT$XIA                DATA
 0002:000003f0 00000008H .CRT$XIZ                DATA
 0002:000003f8 00000008H .CRT$XPA                DATA
 0002:00000400 00000008H .CRT$XPZ                DATA
 0002:00000408 00000008H .CRT$XTA                DATA
 0002:00000410 00000010H .CRT$XTZ                DATA
 0002:00000418 00000000H .gehcont$y              DATA
 0002:00000418 00000000H .gfids$y                DATA
 0002:00000420 00002260H .rdata                  DATA
 0002:00002680 00000000H .rdata$CastGuardVftablesA DATA
 0002:00002680 00000000H .rdata$CastGuardVftablesC DATA
 0002:00002680 00000a2cH .rdata$r                DATA
 0002:000030ac 000000dcH .rdata$voltmd           DATA
 0002:00003188 000003f0H .rdata$zzzdbg           DATA
 0002:00003578 00000008H .rtc$IAA                DATA
 0002:00003580 00000008H .rtc$IZZ                DATA
 0002:00003588 00000008H .rtc$TAA                DATA
 0002:00003590 00000008H .rtc$TZZ                DATA
 0002:00003598 000035f8H .xdata                  DATA
 0002:00006b90 00000040H .didat$2                DATA
 0002:00006bd0 00000020H .didat$3                DATA
 0002:00006bf0 00000188H .didat$4                DATA
 0002:00006d78 00000950H .didat$6                DATA
 0002:000076c8 00000188H .didat$7                DATA
 0002:00007850 00001d00H .edata                  DATA
 0002:00009550 0000008cH .idata$2                DATA
 0002:000095dc 00000014H .idata$3                DATA
 0002:000095f0 000001c0H .idata$4                DATA
 0002:000097b0 00000478H .idata$6                DATA
 0003:00000000 00000070H .data                   DATA
 0003:00000070 00000598H .data$r                 DATA
 0003:00000608 00000328H .data$rs                DATA
 0003:00000930 00000190H .didat$5                DATA
 0003:00000ac0 00000a00H .bss                    DATA
 0004:00000000 00001ca4H .pdata                  DATA
 0005:00000000 00002208H _RDATA                  DATA
 0006:00000000 000000a0H .rsrc$01                DATA
 0006:000000a0 000004b0H .rsrc$02                DATA

  Address         Publics by Value              Rva+Base               Lib:Object

 0000:00000000       __guard_iat_count          0000000000000000     <absolute>
 0000:00000000       __AbsoluteZero             0000000000000000     <absolute>
 0000:00000000       __x64_code_ranges_to_entry_points 0000000000000000     <absolute>
 0000:00000000       __guard_iat_table          0000000000000000     <absolute>
 0000:00000000       __guard_check_icall_a64n_fptr 0000000000000000     <absolute>
 0000:00000000       __guard_eh_cont_count      0000000000000000     <absolute>
 0000:00000000       __guard_longjmp_table      0000000000000000     <absolute>
 0000:00000000       __guard_fids_count         0000000000000000     <absolute>
 0000:00000000       __guard_fids_table         0000000000000000     <absolute>
 0000:00000000       __x64_code_ranges_to_entry_points_count 0000000000000000     <absolute>
 0000:00000000       __hybrid_auxiliary_iat_copy 0000000000000000     <absolute>
 0000:00000000       __arm64x_redirection_metadata 0000000000000000     <absolute>
 0000:00000000       __guard_longjmp_count      0000000000000000     <absolute>
 0000:00000000       ___safe_se_handler_count   0000000000000000     <absolute>
 0000:00000000       __hybrid_auxiliary_iat     0000000000000000     <absolute>
 0000:00000000       ___safe_se_handler_table   0000000000000000     <absolute>
 0000:00000000       __arm64x_extra_rfe_table_size 0000000000000000     <absolute>
 0000:00000000       __arm64x_redirection_metadata_count 0000000000000000     <absolute>
 0000:00000000       __enclave_config           0000000000000000     <absolute>
 0000:00000000       __hybrid_code_map          0000000000000000     <absolute>
 0000:00000000       __arm64x_extra_rfe_table   0000000000000000     <absolute>
 0000:00000000       __dynamic_value_reloc_table 0000000000000000     <absolute>
 0000:00000000       __guard_eh_cont_table      0000000000000000     <absolute>
 0000:00000000       __arm64x_native_entrypoint 0000000000000000     <absolute>
 0000:00000000       __hybrid_code_map_count    0000000000000000     <absolute>
 0000:00000100       __guard_flags              0000000000000100     <absolute>
 0000:00000000       __ImageBase                0000000180000000     <linker-defined>
 0001:000003c0       ??$?_UV?$ReflectionAllocator@VAdjTriangle@physx@@@shdfnd@physx@@@UserAllocated@shdfnd@physx@@SAPEAX_KV?$ReflectionAllocator@VAdjTriangle@physx@@@12@PEBDH@Z 00000001800013c0 f i Adjacencies.obj
 0001:00000460       ??$?3V?$ReflectionAllocator@VBV32Tree@Gu@physx@@@shdfnd@physx@@@UserAllocated@shdfnd@physx@@SAXPEAXV?$ReflectionAllocator@VBV32Tree@Gu@physx@@@12@PEBDH@Z 0000000180001460 f i TriangleMeshBuilder.obj
 0001:00000460       ??$?3V?$ReflectionAllocator@VEdgeListBuilder@Gu@physx@@@shdfnd@physx@@@UserAllocated@shdfnd@physx@@SAXPEAXV?$ReflectionAllocator@VEdgeListBuilder@Gu@physx@@@12@PEBDH@Z 0000000180001460 f i TriangleMeshBuilder.obj
 0001:00000460       ??$?3V?$ReflectionAllocator@VConvexHull@physx@@@shdfnd@physx@@@UserAllocated@shdfnd@physx@@SAXPEAXV?$ReflectionAllocator@VConvexHull@physx@@@12@PEBDH@Z 0000000180001460 f i ConvexHullUtils.obj
 0001:00000460       ??$?_VV?$ReflectionAllocator@VAdjTriangle@physx@@@shdfnd@physx@@@UserAllocated@shdfnd@physx@@SAXPEAXV?$ReflectionAllocator@VAdjTriangle@physx@@@12@PEBDH@Z 0000000180001460 f i Adjacencies.obj
 0001:00000460       ??$?3V?$ReflectionAllocator@VBigConvexData@physx@@@shdfnd@physx@@@UserAllocated@shdfnd@physx@@SAXPEAXV?$ReflectionAllocator@VBigConvexData@physx@@@12@PEBDH@Z 0000000180001460 f i ConvexMeshBuilder.obj
 0001:00000460       ??$?_VV?$ReflectionAllocator@VAdjEdge@@@shdfnd@physx@@@UserAllocated@shdfnd@physx@@SAXPEAXV?$ReflectionAllocator@VAdjEdge@@@12@PEBDH@Z 0000000180001460 f i Adjacencies.obj
 0001:00000460       ??$?3V?$ReflectionAllocator@VHeightField@Gu@physx@@@shdfnd@physx@@@UserAllocated@shdfnd@physx@@SAXPEAXV?$ReflectionAllocator@VHeightField@Gu@physx@@@12@PEBDH@Z 0000000180001460 f i Cooking.obj
 0001:00000460       ??$?3V?$ReflectionAllocator@VQuickHullConvexHullLib@physx@@@shdfnd@physx@@@UserAllocated@shdfnd@physx@@SAXPEAXV?$ReflectionAllocator@VQuickHullConvexHullLib@physx@@@12@PEBDH@Z 0000000180001460 f i Cooking.obj
 0001:00000490       ??4PxFoundation@physx@@QEAAAEAV01@AEBV01@@Z 0000000180001490 f i Adjacencies.obj
 0001:00000490       ?getAABB@AABBTreeBuildNode@Gu@physx@@QEBAAEBVPxBounds3@3@XZ 0000000180001490 f i BVHStructureBuilder.obj
 0001:00000490       ?getPaddedBounds@HeightFieldData@Gu@physx@@QEBAAEBVCenterExtentsPadded@23@XZ 0000000180001490 f i Cooking.obj
 0001:00000490       ??0Box@Gu@physx@@QEAA@XZ   0000000180001490 f i ConvexHullUtils.obj
 0001:00000490       ??0AABBTreeBuildNode@Gu@physx@@QEAA@XZ 0000000180001490 f i BVHStructureBuilder.obj
 0001:00000490       ??4MutexImpl@shdfnd@physx@@QEAAAEAV012@AEBV012@@Z 0000000180001490 f i Adjacencies.obj
 0001:00000490       ??0AdjTriangle@physx@@QEAA@XZ 0000000180001490 f i Adjacencies.obj
 0001:00000490       ??4Allocator@shdfnd@physx@@QEAAAEAV012@AEBV012@@Z 0000000180001490 f i Adjacencies.obj
 0001:00000490       ??0AdjEdge@@QEAA@XZ        0000000180001490 f i Adjacencies.obj
 0001:00000490       ??0Allocator@shdfnd@physx@@QEAA@PEBD@Z 0000000180001490 f i Adjacencies.obj
 0001:00000490       ??0HeightFieldData@Gu@physx@@QEAA@W4PxEMPTY@2@@Z 0000000180001490 f i Cooking.obj
 0001:00000490       ??4Allocator@shdfnd@physx@@QEAAAEAV012@$$QEAV012@@Z 0000000180001490 f i Adjacencies.obj
 0001:00000490       ??0BigConvexData@physx@@QEAA@W4PxEMPTY@1@@Z 0000000180001490 f i BigConvexDataBuilder.obj
 0001:000004a0       ??0AdjacenciesBuilder@physx@@QEAA@XZ 00000001800014a0 f   Adjacencies.obj
 0001:000004b0       ??0PxFoundation@physx@@QEAA@XZ 00000001800014b0 f i Adjacencies.obj
 0001:000004b0       ??0PxFoundation@physx@@QEAA@AEBV01@@Z 00000001800014b0 f i Adjacencies.obj
 0001:000004c0       ??1Box@Gu@physx@@QEAA@XZ   00000001800014c0 f i ConvexHullUtils.obj
 0001:000004c0       ??1BigConvexDataBuilder@physx@@QEAA@XZ 00000001800014c0 f i BigConvexDataBuilder.obj
 0001:000004c0       ??1AABBTreeBuildNode@Gu@physx@@QEAA@XZ 00000001800014c0 f i BVHStructureBuilder.obj
 0001:000004c0       ??1HeightFieldData@Gu@physx@@QEAA@XZ 00000001800014c0 f i Cooking.obj
 0001:000004c0       ?onMeshIndexFormatChange@TriangleMeshBuilder@physx@@UEAAXXZ 00000001800014c0 f i TriangleMeshBuilder.obj
 0001:000004c0       ??_FAllocator@shdfnd@physx@@QEAAXXZ 00000001800014c0 f i Adjacencies.obj
 0001:000004c0       ??1AdjTriangle@physx@@QEAA@XZ 00000001800014c0 f i Adjacencies.obj
 0001:000004c0       ??1AdjEdge@@QEAA@XZ        00000001800014c0 f i Adjacencies.obj
 0001:000004d0       ??1AdjacenciesBuilder@physx@@QEAA@XZ 00000001800014d0 f   Adjacencies.obj
 0001:00000530       ??1PxFoundation@physx@@MEAA@XZ 0000000180001530 f i Adjacencies.obj
 0001:00000540       ??_EPxFoundation@physx@@MEAAPEAXI@Z 0000000180001540 f i Adjacencies.obj
 0001:000006d0       ?ComputeNbBoundaryEdges@Adjacencies@physx@@QEBAIXZ 00000001800016d0 f   Adjacencies.obj
 0001:000009d0       ?GetNbHits@RadixSort@Cm@physx@@QEBAIXZ 00000001800019d0 f i Adjacencies.obj
 0001:000009e0       ?GetNbTotalCalls@RadixSort@Cm@physx@@QEBAIXZ 00000001800019e0 f i Adjacencies.obj
 0001:000009f0       ?GetRanks@RadixSort@Cm@physx@@QEBAPEBIXZ 00000001800019f0 f i Adjacencies.obj
 0001:000009f0       ?getErrorCallback@Foundation@shdfnd@physx@@UEAAAEAVPxErrorCallback@3@XZ 00000001800019f0 f i Adjacencies.obj
 0001:00000a00       ?GetRecyclable@RadixSort@Cm@physx@@QEBAPEAIXZ 0000000180001a00 f i Adjacencies.obj
 0001:00000a00       ?getPos@AABBTreeBuildNode@Gu@physx@@QEBAPEBV123@XZ 0000000180001a00 f i BVHStructureBuilder.obj
 0001:00000a00       ?GetValencies@BigConvexData@physx@@QEBAPEBUValency@Gu@2@XZ 0000000180001a00 f i BigConvexDataBuilder.obj
 0001:00000a10       ?Init@AdjacenciesBuilder@physx@@QEAA_NAEBUADJACENCIESCREATE@2@@Z 0000000180001a10 f   Adjacencies.obj
 0001:00000fc0       ?getAllocator@Foundation@shdfnd@physx@@QEAAAEAVPxAllocatorCallback@3@XZ 0000000180001fc0 f i Adjacencies.obj
 0001:00000fd0       ?getAllocatorCallback@Foundation@shdfnd@physx@@UEAAAEAVPxAllocatorCallback@3@XZ 0000000180001fd0 f i Adjacencies.obj
 0001:00000fe0       ?getErrorLevel@Foundation@shdfnd@physx@@UEBA?AW4Enum@PxErrorCode@3@XZ 0000000180001fe0 f i Adjacencies.obj
 0001:00000ff0       ?getInternalErrorCallback@Foundation@shdfnd@physx@@QEAAAEAVPxErrorCallback@3@XZ 0000000180001ff0 f i Adjacencies.obj
 0001:00001000       ?getNamedAllocMap@Foundation@shdfnd@physx@@QEAAAEAV?$HashMap@PEBVNamedAllocator@shdfnd@physx@@PEBDU?$Hash@PEBVNamedAllocator@shdfnd@physx@@@23@VNonTrackingAllocator@23@@23@XZ 0000000180002000 f i Adjacencies.obj
 0001:00001010       ?getNamedAllocMutex@Foundation@shdfnd@physx@@QEAAAEAV?$MutexT@VAllocator@shdfnd@physx@@@23@XZ 0000000180002010 f i Adjacencies.obj
 0001:00001020       ?getReportAllocationNames@Foundation@shdfnd@physx@@UEBA_NXZ 0000000180002020 f i Adjacencies.obj
 0001:00001030       ?getTempAllocFreeTable@Foundation@shdfnd@physx@@QEAAAEAV?$Array@PEATTempAllocatorChunk@shdfnd@physx@@VAllocator@23@@23@XZ 0000000180002030 f i Adjacencies.obj
 0001:00001040       ?getTempAllocMutex@Foundation@shdfnd@physx@@QEAAAEAV?$MutexT@VAllocator@shdfnd@physx@@@23@XZ 0000000180002040 f i Adjacencies.obj
 0001:00001050       ?invalidateRanks@RadixSort@Cm@physx@@QEAAXXZ 0000000180002050 f i Adjacencies.obj
 0001:00001060       ?setErrorLevel@Foundation@shdfnd@physx@@UEAAXW4Enum@PxErrorCode@3@@Z 0000000180002060 f i Adjacencies.obj
 0001:00001070       ?setReportAllocationNames@Foundation@shdfnd@physx@@UEAAX_N@Z 0000000180002070 f i Adjacencies.obj
 0001:00001080       ??0DebugText@Cm@physx@@QEAA@AEBU012@@Z 0000000180002080 f i Cooking.obj
 0001:00001080       ??0DebugText@Cm@physx@@QEAA@$$QEAU012@@Z 0000000180002080 f i Cooking.obj
 0001:00001160       ??0HeightFieldData@Gu@physx@@QEAA@AEBU012@@Z 0000000180002160 f i Cooking.obj
 0001:00001160       ??4HeightFieldData@Gu@physx@@QEAAAEAU012@$$QEAU012@@Z 0000000180002160 f i Cooking.obj
 0001:00001160       ??4HeightFieldData@Gu@physx@@QEAAAEAU012@AEBU012@@Z 0000000180002160 f i Cooking.obj
 0001:00001160       ??0HeightFieldData@Gu@physx@@QEAA@$$QEAU012@@Z 0000000180002160 f i Cooking.obj
 0001:000011c0       ??0HeightFieldData@Gu@physx@@QEAA@XZ 00000001800021c0 f i Cooking.obj
 0001:000011d0       ??0RenderOutput@Cm@physx@@QEAA@AEAVRenderBuffer@12@@Z 00000001800021d0 f i Cooking.obj
 0001:00001220       ??0RenderOutput@Cm@physx@@QEAA@AEBV012@@Z 0000000180002220 f i Cooking.obj
 0001:000012c0       ??1PxHeightField@physx@@MEAA@XZ 00000001800022c0 f i Cooking.obj
 0001:000012c0       ??1PxConvexMesh@physx@@MEAA@XZ 00000001800022c0 f i Cooking.obj
 0001:000012d0       ??4DebugText@Cm@physx@@QEAAAEAU012@AEBU012@@Z 00000001800022d0 f i Cooking.obj
 0001:000012d0       ??4DebugText@Cm@physx@@QEAAAEAU012@$$QEAU012@@Z 00000001800022d0 f i Cooking.obj
 0001:00001400       ??4FPUGuard@shdfnd@physx@@QEAAAEAV012@AEBV012@@Z 0000000180002400 f i Cooking.obj
 0001:00001420       ??_ECooking@physx@@UEAAPEAXI@Z 0000000180002420 f i Cooking.obj
 0001:00001420       ??_GCooking@physx@@UEAAPEAXI@Z 0000000180002420 f i Cooking.obj
 0001:00001470       ??_GPxBase@physx@@MEAAPEAXI@Z 0000000180002470 f i Cooking.obj
 0001:00001470       ??_EPxBase@physx@@MEAAPEAXI@Z 0000000180002470 f i Cooking.obj
 0001:000014a0       ??_EPxCooking@physx@@MEAAPEAXI@Z 00000001800024a0 f i Cooking.obj
 0001:000014a0       ??_GPxCooking@physx@@MEAAPEAXI@Z 00000001800024a0 f i Cooking.obj
 0001:000014d0       ?allocate@?$Array@UPxDebugLine@physx@@V?$ReflectionAllocator@UPxDebugLine@physx@@@shdfnd@2@@shdfnd@physx@@IEAAPEAUPxDebugLine@3@I@Z 00000001800024d0 f i Cooking.obj
 0001:00001570       ?computeHullPolygons@Cooking@physx@@UEBA_NAEBVPxSimpleTriangleMesh@2@AEAVPxAllocatorCallback@2@AEAIAEAPEAVPxVec3@2@2AEAPEAI2AEAPEAUPxHullPolygon@2@@Z 0000000180002570 f   Cooking.obj
 0001:000017a0       ?cookBVHStructure@Cooking@physx@@UEBA_NAEBVPxBVHStructureDesc@2@AEAVPxOutputStream@2@@Z 00000001800027a0 f   Cooking.obj
 0001:00001850       ?cookConvexMesh@Cooking@physx@@UEBA_NAEBVPxConvexMeshDesc@2@AEAVPxOutputStream@2@PEAW4Enum@PxConvexMeshCookingResult@2@@Z 0000000180002850 f   Cooking.obj
 0001:00001a60       ?cookConvexMeshInternal@Cooking@physx@@AEBA_NAEBVPxConvexMeshDesc@2@AEAVConvexMeshBuilder@2@PEAVConvexHullLib@2@PEAW4Enum@PxConvexMeshCookingResult@2@@Z 0000000180002a60 f   Cooking.obj
 0001:00001cd0       ?cookHeightField@Cooking@physx@@UEBA_NAEBVPxHeightFieldDesc@2@AEAVPxOutputStream@2@@Z 0000000180002cd0 f   Cooking.obj
 0001:00001dd0       ?cookTriangleMesh@Cooking@physx@@UEBA_NAEBVPxTriangleMeshDesc@2@AEAVPxOutputStream@2@PEAW4Enum@PxTriangleMeshCookingResult@2@@Z 0000000180002dd0 f   Cooking.obj
 0001:00001f20       ?copy@?$Array@UPxDebugLine@physx@@V?$ReflectionAllocator@UPxDebugLine@physx@@@shdfnd@2@@shdfnd@physx@@KAXPEAUPxDebugLine@3@0PEBU43@@Z 0000000180002f20 f i Cooking.obj
 0001:000020d0       ?createBVHStructure@Cooking@physx@@UEBAPEAVPxBVHStructure@2@AEBVPxBVHStructureDesc@2@AEAVPxPhysicsInsertionCallback@2@@Z 00000001800030d0 f   Cooking.obj
 0001:000021a0       ?createConvexMesh@Cooking@physx@@UEBAPEAVPxConvexMesh@2@AEBVPxConvexMeshDesc@2@AEAVPxPhysicsInsertionCallback@2@PEAW4Enum@PxConvexMeshCookingResult@2@@Z 00000001800031a0 f   Cooking.obj
 0001:000023c0       ?createHeightField@Cooking@physx@@UEBAPEAVPxHeightField@2@AEBVPxHeightFieldDesc@2@AEAVPxPhysicsInsertionCallback@2@@Z 00000001800033c0 f   Cooking.obj
 0001:00002550       ?createTriangleMesh@Cooking@physx@@UEBAPEAVPxTriangleMesh@2@AEBVPxTriangleMeshDesc@2@AEAVPxPhysicsInsertionCallback@2@PEAW4Enum@PxTriangleMeshCookingResult@2@@Z 0000000180003550 f   Cooking.obj
 0001:000026c0       ?getConcreteTypeName@PxConvexMesh@physx@@UEBAPEBDXZ 00000001800036c0 f i Cooking.obj
 0001:000026d0       ?getConcreteTypeName@PxHeightField@physx@@UEBAPEBDXZ 00000001800036d0 f i Cooking.obj
 0001:000026e0       ?getConvexEdgeThreshold@HeightField@Gu@physx@@UEBAMXZ 00000001800036e0 f i Cooking.obj
 0001:000026f0       ?getFlags@HeightField@Gu@physx@@UEBA?AV?$PxFlags@W4Enum@PxHeightFieldFlag@physx@@G@3@XZ 00000001800036f0 f i Cooking.obj
 0001:00002700       ?getFormat@HeightField@Gu@physx@@UEBA?AW4Enum@PxHeightFieldFormat@3@XZ 0000000180003700 f i Cooking.obj
 0001:00002710       ?getHeight@HeightField@Gu@physx@@UEBAMMM@Z 0000000180003710 f i Cooking.obj
 0001:00002750       ?getHeightInternal2@HeightField@Gu@physx@@QEBAMIMM@Z 0000000180003750 f i Cooking.obj
 0001:000028c0       ?getIndexBuffer@ConvexMesh@Gu@physx@@UEBAPEBEXZ 00000001800038c0 f i Cooking.obj
 0001:00002900       ?getNbColumns@HeightField@Gu@physx@@UEBAIXZ 0000000180003900 f i Cooking.obj
 0001:00002910       ?getNbPolygons@ConvexMesh@Gu@physx@@UEBAIXZ 0000000180003910 f i Cooking.obj
 0001:00002920       ?getNbRows@HeightField@Gu@physx@@UEBAIXZ 0000000180003920 f i Cooking.obj
 0001:00002930       ?getNbVertices@ConvexMesh@Gu@physx@@UEBAIXZ 0000000180003930 f i Cooking.obj
 0001:00002940       ?getDenormalizeScale@QuantizerImpl@@UEBAAEBVPxVec3@physx@@XZ 0000000180003940 f   Quantizer.obj
 0001:00002940       ?getParams@Cooking@physx@@UEBAAEBUPxCookingParams@2@XZ 0000000180003940 f   Cooking.obj
 0001:00002950       ?getSample@HeightField@Gu@physx@@UEBAAEBUPxHeightFieldSample@3@II@Z 0000000180003950 f i Cooking.obj
 0001:00002960       ?getSampleStride@HeightField@Gu@physx@@UEBAIXZ 0000000180003960 f i Cooking.obj
 0001:00002970       ?getTimestamp@HeightField@Gu@physx@@UEBAIXZ 0000000180003970 f i Cooking.obj
 0001:00002980       ?getTriangleMaterialIndex@HeightField@Gu@physx@@UEBAGI@Z 0000000180003980 f i Cooking.obj
 0001:000029b0       ?getTriangleNormal@HeightField@Gu@physx@@UEBA?AVPxVec3@3@I@Z 00000001800039b0 f i Cooking.obj
 0001:000029d0       ?getTriangleNormalInternal@HeightField@Gu@physx@@QEBA?AVPxVec3@3@I@Z 00000001800039d0 f i Cooking.obj
 0001:00002b20       ?getVertices@ConvexMesh@Gu@physx@@UEBAPEBVPxVec3@3@XZ 0000000180003b20 f i Cooking.obj
 0001:00002b40       ?isKindOf@PxBase@physx@@MEBA_NPEBD@Z 0000000180003b40 f i Cooking.obj
 0001:00002b70       ?isKindOf@PxConvexMesh@physx@@MEBA_NPEBD@Z 0000000180003b70 f i Cooking.obj
 0001:00002bc0       ?isKindOf@PxHeightField@physx@@MEBA_NPEBD@Z 0000000180003bc0 f i Cooking.obj
 0001:00002c10       ?isReleasable@PxBase@physx@@UEBA_NXZ 0000000180003c10 f i Cooking.obj
 0001:00002c20       ?outputSegment@RenderOutput@Cm@physx@@QEAAXAEBVPxVec3@3@0@Z 0000000180003c20 f i Cooking.obj
 0001:00002ce0       ?platformMismatch@Cooking@physx@@UEBA_NXZ 0000000180003ce0 f   Cooking.obj
 0001:00002cf0       ?preExportDataReset@ConvexMesh@Gu@physx@@QEAAXXZ 0000000180003cf0 f i Cooking.obj
 0001:00002cf0       ?preExportDataReset@HeightField@Gu@physx@@QEAAXXZ 0000000180003cf0 f i Cooking.obj
 0001:00002d00       ?recreate@?$Array@UPxDebugLine@physx@@V?$ReflectionAllocator@UPxDebugLine@physx@@@shdfnd@2@@shdfnd@physx@@IEAAXI@Z 0000000180003d00 f i Cooking.obj
 0001:00002d90       ?release@Cooking@physx@@UEAAXXZ 0000000180003d90 f   Cooking.obj
 0001:00002db0       ?reserveSegments@RenderOutput@Cm@physx@@QEAAPEAUPxDebugLine@3@I@Z 0000000180003db0 f i Cooking.obj
 0001:00002e10       ?setParams@Cooking@physx@@UEAAXAEBUPxCookingParams@2@@Z 0000000180003e10 f   Cooking.obj
 0001:00002e70       ?validateConvexMesh@Cooking@physx@@UEBA_NAEBVPxConvexMeshDesc@2@@Z 0000000180003e70 f   Cooking.obj
 0001:00002f00       ?validateTriangleMesh@Cooking@physx@@UEBA_NAEBVPxTriangleMeshDesc@2@@Z 0000000180003f00 f   Cooking.obj
 0001:00003030       PxCreateCooking            0000000180004030 f   Cooking.obj
 0001:00003120       ??0ReducedVertexCloud@physx@@QEAA@PEBVPxVec3@1@I@Z 0000000180004120 f   CookingUtils.obj
 0001:00003140       ??1ReducedVertexCloud@physx@@QEAA@XZ 0000000180004140 f   CookingUtils.obj
 0001:00003150       ?Clean@ReducedVertexCloud@physx@@QEAAAEAV12@XZ 0000000180004150 f   CookingUtils.obj
 0001:000031c0       ?Reduce@ReducedVertexCloud@physx@@QEAA_NPEAUREDUCEDCLOUD@2@@Z 00000001800041c0 f   CookingUtils.obj
 0001:00003500       ??$?_UI@@YAPEAX_KV?$ReflectionAllocator@I@shdfnd@physx@@PEBDH@Z 0000000180004500 f i EdgeList.obj
 0001:000035a0       ??0EdgeListBuilder@Gu@physx@@QEAA@XZ 00000001800045a0 f   EdgeList.obj
 0001:000035c0       ??1EdgeList@Gu@physx@@QEAA@XZ 00000001800045c0 f   EdgeList.obj
 0001:00003660       ??1EdgeListBuilder@Gu@physx@@QEAA@XZ 0000000180004660 f   EdgeList.obj
 0001:00003670       ?computeActiveEdges@EdgeListBuilder@Gu@physx@@AEAA_NIPEBIPEBGPEBVPxVec3@3@M@Z 0000000180004670 f   EdgeList.obj
 0001:00004cd0       ?createEdgesToFaces@EdgeListBuilder@Gu@physx@@AEAA_NIPEBIPEBG@Z 0000000180005cd0 f   EdgeList.obj
 0001:00004f30       ?createFacesToEdges@EdgeListBuilder@Gu@physx@@AEAA_NIPEBIPEBG@Z 0000000180005f30 f   EdgeList.obj
 0001:00005330       ?init@EdgeListBuilder@Gu@physx@@QEAA_NAEBUEDGELISTCREATE@23@@Z 0000000180006330 f   EdgeList.obj
 0001:00005450       ??0MeshCleaner@physx@@QEAA@IPEBVPxVec3@1@IPEBIM@Z 0000000180006450 f   MeshCleaner.obj
 0001:00005dc0       ??1MeshCleaner@physx@@QEAA@XZ 0000000180006dc0 f   MeshCleaner.obj
 0001:00005e50       ??$kmeans_cluster@VPxVec3@physx@@M@@YAIPEBVPxVec3@physx@@IIPEAV01@PEAIMM@Z 0000000180006e50 f i Quantizer.obj
 0001:00006810       ??_GQuantizer@physx@@MEAAPEAXI@Z 0000000180007810 f i Quantizer.obj
 0001:00006810       ??_EQuantizer@physx@@MEAAPEAXI@Z 0000000180007810 f i Quantizer.obj
 0001:00006840       ??_GQuantizerImpl@@EEAAPEAXI@Z 0000000180007840 f i Quantizer.obj
 0001:00006840       ??_EQuantizerImpl@@EEAAPEAXI@Z 0000000180007840 f i Quantizer.obj
 0001:00006910       ?createQuantizer@physx@@YAPEAVQuantizer@1@XZ 0000000180007910 f   Quantizer.obj
 0001:000069c0       ?getDenormalizeCenter@QuantizerImpl@@UEBAAEBVPxVec3@physx@@XZ 00000001800079c0 f i Quantizer.obj
 0001:000069d0       ?growAndPushBack@?$Array@VPxVec3@physx@@V?$ReflectionAllocator@VPxVec3@physx@@@shdfnd@2@@shdfnd@physx@@IEAAAEAVPxVec3@3@AEBV43@@Z 00000001800079d0 f i Quantizer.obj
 0001:00006bb0       ?kmeansQuantize3D@QuantizerImpl@@UEAAPEBVPxVec3@physx@@IPEBV23@I_NIAEAI@Z 0000000180007bb0 f i Quantizer.obj
 0001:00006e10       ?normalizeInput@QuantizerImpl@@AEAAXIPEBVPxVec3@physx@@I@Z 0000000180007e10 f i Quantizer.obj
 0001:00007260       ?release@QuantizerImpl@@UEAAXXZ 0000000180008260 f i Quantizer.obj
 0001:00007280       ??$copy@V?$ReflectionAllocator@USlab@NodeAllocator@Gu@physx@@@shdfnd@physx@@@?$Array@USlab@NodeAllocator@Gu@physx@@V?$ReflectionAllocator@USlab@NodeAllocator@Gu@physx@@@shdfnd@4@@shdfnd@physx@@IEAAXAEBV012@@Z 0000000180008280 f i BVHStructureBuilder.obj
 0001:00007300       ??0AABBTreeBuildNode@Gu@physx@@QEAA@AEBV012@@Z 0000000180008300 f i BVHStructureBuilder.obj
 0001:00007300       ??4AABBTreeBuildNode@Gu@physx@@QEAAAEAV012@AEBV012@@Z 0000000180008300 f i BVHStructureBuilder.obj
 0001:00007340       ??0AABBTreeBuildParams@Gu@physx@@QEAA@IIPEBVPxBounds3@2@@Z 0000000180008340 f i BVHStructureBuilder.obj
 0001:00007360       ??0BVHStructureBuilder@physx@@QEAA@XZ 0000000180008360 f   BVHStructureBuilder.obj
 0001:00007380       ??0BuildStats@Gu@physx@@QEAA@XZ 0000000180008380 f i BVHStructureBuilder.obj
 0001:00007390       ??0NodeAllocator@Gu@physx@@QEAA@AEBV012@@Z 0000000180008390 f i BVHStructureBuilder.obj
 0001:000073d0       ??1AABBTreeBuildParams@Gu@physx@@QEAA@XZ 00000001800083d0 f i BVHStructureBuilder.obj
 0001:00007430       ??1BVHStructureBuilder@physx@@QEAA@XZ 0000000180008430 f   BVHStructureBuilder.obj
 0001:000074b0       ??4AABBTreeBuildParams@Gu@physx@@QEAAAEAV012@AEBV012@@Z 00000001800084b0 f i BVHStructureBuilder.obj
 0001:000074d0       ??4BuildStats@Gu@physx@@QEAAAEAU012@$$QEAU012@@Z 00000001800084d0 f i BVHStructureBuilder.obj
 0001:000074e0       ??4BuildStats@Gu@physx@@QEAAAEAU012@AEBU012@@Z 00000001800084e0 f i BVHStructureBuilder.obj
 0001:000074f0       ??4NodeAllocator@Gu@physx@@QEAAAEAV012@AEBV012@@Z 00000001800084f0 f i BVHStructureBuilder.obj
 0001:000075a0       ??_FAABBTreeBuildParams@Gu@physx@@QEAAXXZ 00000001800085a0 f i BVHStructureBuilder.obj
 0001:000075c0       ?__global_delete@@YAXPEAX_K@Z 00000001800085c0 f i BVHStructureBuilder.obj
 0001:000075d0       ?allocate@?$Array@USlab@NodeAllocator@Gu@physx@@V?$ReflectionAllocator@USlab@NodeAllocator@Gu@physx@@@shdfnd@4@@shdfnd@physx@@IEAAPEAUSlab@NodeAllocator@Gu@3@I@Z 00000001800085d0 f i BVHStructureBuilder.obj
 0001:00007670       ?flatten@@YAXAEBVNodeAllocator@Gu@physx@@PEAUBVHNode@23@@Z 0000000180008670 f   BVHStructureBuilder.obj
 0001:00007840       ?getCount@BuildStats@Gu@physx@@QEBAIXZ 0000000180008840 f i BVHStructureBuilder.obj
 0001:00007850       ?getNbPrimitives@AABBTreeBuildNode@Gu@physx@@QEBAIXZ 0000000180008850 f i BVHStructureBuilder.obj
 0001:00007850       ?getNbRuntimePrimitives@AABBTreeBuildNode@Gu@physx@@QEBAIXZ 0000000180008850 f i BVHStructureBuilder.obj
 0001:00007860       ?getNeg@AABBTreeBuildNode@Gu@physx@@QEBAPEBV123@XZ 0000000180008860 f i BVHStructureBuilder.obj
 0001:00007880       ?getPrimitives@AABBTreeBuildNode@Gu@physx@@QEAAPEAIPEAI@Z 0000000180008880 f i BVHStructureBuilder.obj
 0001:00007880       ?getPrimitives@AABBTreeBuildNode@Gu@physx@@QEBAPEBIPEBI@Z 0000000180008880 f i BVHStructureBuilder.obj
 0001:00007890       ?increaseCount@BuildStats@Gu@physx@@QEAAXI@Z 0000000180008890 f i BVHStructureBuilder.obj
 0001:000078a0       ?isLeaf@AABBTreeBuildNode@Gu@physx@@QEBA_NXZ 00000001800088a0 f i BVHStructureBuilder.obj
 0001:000078b0       ?loadFromDesc@BVHStructureBuilder@physx@@QEAA_NAEBVPxBVHStructureDesc@2@@Z 00000001800088b0 f   BVHStructureBuilder.obj
 0001:00007bc0       ?moveData@BVHStructureBuilder@physx@@QEAAXAEAUBVHStructureData@Gu@2@@Z 0000000180008bc0 f   BVHStructureBuilder.obj
 0001:00007c00       ?recreate@?$Array@USlab@NodeAllocator@Gu@physx@@V?$ReflectionAllocator@USlab@NodeAllocator@Gu@physx@@@shdfnd@4@@shdfnd@physx@@IEAAXI@Z 0000000180008c00 f i BVHStructureBuilder.obj
 0001:00007cb0       ?reset@AABBTreeBuildParams@Gu@physx@@QEAAXXZ 0000000180008cb0 f i BVHStructureBuilder.obj
 0001:00007d10       ?reset@BuildStats@Gu@physx@@QEAAXXZ 0000000180008d10 f i BVHStructureBuilder.obj
 0001:00007d20       ?save@BVHStructureBuilder@physx@@QEBA_NAEAVPxOutputStream@2@_N@Z 0000000180008d20 f   BVHStructureBuilder.obj
 0001:00007ea0       ?setCount@BuildStats@Gu@physx@@QEAAXI@Z 0000000180008ea0 f i BVHStructureBuilder.obj
 0001:00007eb0       ?setNbRunTimePrimitives@AABBTreeBuildNode@Gu@physx@@QEAAXI@Z 0000000180008eb0 f i BVHStructureBuilder.obj
 0001:00007ec0       ?saveHeightField@physx@@YA_NAEBVHeightField@Gu@1@AEAVPxOutputStream@1@_N@Z 0000000180008ec0 f   HeightFieldCooking.obj
 0001:00008100       ??$quickSelectFirstK@UBoundsLTE@physx@@@quickSelect@physx@@YAXPEIAIIIIAEBUBoundsLTE@1@@Z 0000000180009100 f i RTreeCooking.obj
 0001:000082e0       ??$smallSort@I$$CBUSortBoundsPredicate@physx@@@internal@shdfnd@physx@@YAXPEAIHHAEBUSortBoundsPredicate@2@@Z 00000001800092e0 f i RTreeCooking.obj
 0001:00008580       ??$sort@IU?$Less@I@shdfnd@physx@@V?$ReflectionAllocator@I@23@@shdfnd@physx@@YAXPEAIIAEBU?$Less@I@01@AEBV?$ReflectionAllocator@I@01@I@Z 0000000180009580 f i RTreeCooking.obj
 0001:00008a00       ??$sort@IUSortBoundsPredicate@physx@@V?$ReflectionAllocator@I@shdfnd@2@@shdfnd@physx@@YAXPEAIIAEBUSortBoundsPredicate@1@AEBV?$ReflectionAllocator@I@01@I@Z 0000000180009a00 f i RTreeCooking.obj
 0001:00008ef0       ??1?$Array@IV?$ReflectionAllocator@I@shdfnd@physx@@@shdfnd@physx@@QEAA@XZ 0000000180009ef0 f i RTreeCooking.obj
 0001:00008ef0       ??1?$Array@VPxVec3@physx@@V?$ReflectionAllocator@VPxVec3@physx@@@shdfnd@2@@shdfnd@physx@@QEAA@XZ 0000000180009ef0 f i RTreeCooking.obj
 0001:00008ef0       ??1?$Array@VPxPlane@physx@@V?$ReflectionAllocator@VPxPlane@physx@@@shdfnd@2@@shdfnd@physx@@QEAA@XZ 0000000180009ef0 f i ConvexHullUtils.obj
 0001:00008ef0       ??1?$Array@URTreeNodeQ@Gu@physx@@V?$ReflectionAllocator@URTreeNodeQ@Gu@physx@@@shdfnd@3@@shdfnd@physx@@QEAA@XZ 0000000180009ef0 f i RTreeCooking.obj
 0001:00008ef0       ??1?$Array@VHalfEdge@ConvexHull@physx@@V?$ReflectionAllocator@VHalfEdge@ConvexHull@physx@@@shdfnd@3@@shdfnd@physx@@QEAA@XZ 0000000180009ef0 f i ConvexHullUtils.obj
 0001:00008ef0       ??1?$Array@UExpandPoint@local@@V?$ReflectionAllocator@UExpandPoint@local@@@shdfnd@physx@@@shdfnd@physx@@QEAA@XZ 0000000180009ef0 f i QuickHullConvexHullLib.obj
 0001:00008ef0       ??1?$Array@PEAUQuickHullFace@local@@V?$ReflectionAllocator@PEAUQuickHullFace@local@@@shdfnd@physx@@@shdfnd@physx@@QEAA@XZ 0000000180009ef0 f i QuickHullConvexHullLib.obj
 0001:00008ef0       ??1?$Array@URTreeNodeNQ@physx@@V?$ReflectionAllocator@URTreeNodeNQ@physx@@@shdfnd@2@@shdfnd@physx@@QEAA@XZ 0000000180009ef0 f i RTreeCooking.obj
 0001:00008ef0       ??1?$Array@UPxBounds3V@physx@@V?$ReflectionAllocator@UPxBounds3V@physx@@@shdfnd@2@@shdfnd@physx@@QEAA@XZ 0000000180009ef0 f i RTreeCooking.obj
 0001:00008ef0       ??1?$Array@VPair@@V?$ReflectionAllocator@VPair@@@shdfnd@physx@@@shdfnd@physx@@QEAA@XZ 0000000180009ef0 f i ConvexPolygonsBuilder.obj
 0001:00008f30       ??1?$Array@UInterval@physx@@V?$InlineAllocator@$0CAAA@V?$ReflectionAllocator@UInterval@physx@@@shdfnd@physx@@@shdfnd@2@@shdfnd@physx@@QEAA@XZ 0000000180009f30 f i RTreeCooking.obj
 0001:00008f80       ??1?$InlineArray@UInterval@physx@@$0EAA@V?$ReflectionAllocator@UInterval@physx@@@shdfnd@2@@shdfnd@physx@@QEAA@XZ 0000000180009f80 f i RTreeCooking.obj
 0001:00008fd0       ??1?$ScopedPointer@HVTempAllocator@shdfnd@physx@@@shdfnd@physx@@QEAA@XZ 0000000180009fd0 f i RTreeCooking.obj
 0001:00008fd0       ??1?$ScopedPointer@VPxVec3@physx@@VTempAllocator@shdfnd@2@@shdfnd@physx@@QEAA@XZ 0000000180009fd0 f i QuickHullConvexHullLib.obj
 0001:00008fd0       ??1?$ScopedPointer@UQuickHullHalfEdge@local@@VTempAllocator@shdfnd@physx@@@shdfnd@physx@@QEAA@XZ 0000000180009fd0 f i QuickHullConvexHullLib.obj
 0001:00008ff0       ??1?$Stack@V?$ReflectionAllocator@UEdgeTriLookup@physx@@@shdfnd@physx@@@internal@shdfnd@physx@@QEAA@XZ 0000000180009ff0 f i TriangleMeshBuilder.obj
 0001:00008ff0       ??1?$Stack@V?$ReflectionAllocator@I@shdfnd@physx@@@internal@shdfnd@physx@@QEAA@XZ 0000000180009ff0 f i RTreeCooking.obj
 0001:00009020       ??1SubSortQuick@physx@@QEAA@XZ 000000018000a020 f i RTreeCooking.obj
 0001:00009060       ??1SubSortSAH@physx@@QEAA@XZ 000000018000a060 f i RTreeCooking.obj
 0001:00009100       ?allocate@?$Array@UInterval@physx@@V?$InlineAllocator@$0CAAA@V?$ReflectionAllocator@UInterval@physx@@@shdfnd@physx@@@shdfnd@2@@shdfnd@physx@@IEAAPEAUInterval@3@I@Z 000000018000a100 f i RTreeCooking.obj
 0001:000091c0       ?allocate@?$Array@UPxBounds3V@physx@@V?$ReflectionAllocator@UPxBounds3V@physx@@@shdfnd@2@@shdfnd@physx@@IEAAPEAUPxBounds3V@3@I@Z 000000018000a1c0 f i RTreeCooking.obj
 0001:00009260       ?allocate@?$Array@URTreeNodeNQ@physx@@V?$ReflectionAllocator@URTreeNodeNQ@physx@@@shdfnd@2@@shdfnd@physx@@IEAAPEAURTreeNodeNQ@3@I@Z 000000018000a260 f i RTreeCooking.obj
 0001:00009300       ?allocate@?$Array@URTreeNodeQ@Gu@physx@@V?$ReflectionAllocator@URTreeNodeQ@Gu@physx@@@shdfnd@3@@shdfnd@physx@@IEAAPEAURTreeNodeQ@Gu@3@I@Z 000000018000a300 f i RTreeCooking.obj
 0001:000093a0       ?allocate@?$Array@VPxVec3@physx@@V?$ReflectionAllocator@VPxVec3@physx@@@shdfnd@2@@shdfnd@physx@@IEAAPEAVPxVec3@3@I@Z 000000018000a3a0 f i RTreeCooking.obj
 0001:00009440       ?allocate@?$ReflectionAllocator@I@shdfnd@physx@@QEAAPEAX_KPEBDH@Z 000000018000a440 f i RTreeCooking.obj
 0001:0000a150       ?buildFromTriangles@RTreeCooker@physx@@SAXAEAURTree@Gu@2@PEBVPxVec3@2@IPEBGPEBIIAEAV?$Array@IV?$ReflectionAllocator@I@shdfnd@physx@@@shdfnd@2@PEAURemapCallback@12@MW4Enum@PxMeshCookingHint@2@@Z 000000018000b150 f   RTreeCooking.obj
 0001:0000a3d0       ?copy@?$Array@URTreeNodeNQ@physx@@V?$ReflectionAllocator@URTreeNodeNQ@physx@@@shdfnd@2@@shdfnd@physx@@KAXPEAURTreeNodeNQ@3@0PEBU43@@Z 000000018000b3d0 f i RTreeCooking.obj
 0001:0000a590       ?copy@?$Array@VPxVec3@physx@@V?$ReflectionAllocator@VPxVec3@physx@@@shdfnd@2@@shdfnd@physx@@KAXPEAVPxVec3@3@0PEBV43@@Z 000000018000b590 f i RTreeCooking.obj
 0001:0000a660       ?growAndPushBack@?$Array@IV?$ReflectionAllocator@I@shdfnd@physx@@@shdfnd@physx@@IEAAAEAIAEBI@Z 000000018000b660 f i RTreeCooking.obj
 0001:0000a730       ?growAndPushBack@?$Array@UInterval@physx@@V?$InlineAllocator@$0CAAA@V?$ReflectionAllocator@UInterval@physx@@@shdfnd@physx@@@shdfnd@2@@shdfnd@physx@@IEAAAEAUInterval@3@AEBU43@@Z 000000018000b730 f i RTreeCooking.obj
 0001:0000a810       ?growAndPushBack@?$Array@UPxBounds3V@physx@@V?$ReflectionAllocator@UPxBounds3V@physx@@@shdfnd@2@@shdfnd@physx@@IEAAAEAUPxBounds3V@3@AEBU43@@Z 000000018000b810 f i RTreeCooking.obj
 0001:0000a8e0       ?growAndPushBack@?$Array@URTreeNodeNQ@physx@@V?$ReflectionAllocator@URTreeNodeNQ@physx@@@shdfnd@2@@shdfnd@physx@@IEAAAEAURTreeNodeNQ@3@AEBU43@@Z 000000018000b8e0 f i RTreeCooking.obj
 0001:0000a9b0       ?growAndPushBack@?$Array@URTreeNodeQ@Gu@physx@@V?$ReflectionAllocator@URTreeNodeQ@Gu@physx@@@shdfnd@3@@shdfnd@physx@@IEAAAEAURTreeNodeQ@Gu@3@AEBU453@@Z 000000018000b9b0 f i RTreeCooking.obj
 0001:0000aa90       ?recreate@?$Array@IV?$ReflectionAllocator@I@shdfnd@physx@@@shdfnd@physx@@IEAAXI@Z 000000018000ba90 f i RTreeCooking.obj
 0001:0000ab50       ?recreate@?$Array@UPxBounds3V@physx@@V?$ReflectionAllocator@UPxBounds3V@physx@@@shdfnd@2@@shdfnd@physx@@IEAAXI@Z 000000018000bb50 f i RTreeCooking.obj
 0001:0000ac00       ?recreate@?$Array@URTreeNodeNQ@physx@@V?$ReflectionAllocator@URTreeNodeNQ@physx@@@shdfnd@2@@shdfnd@physx@@IEAAXI@Z 000000018000bc00 f i RTreeCooking.obj
 0001:0000ac90       ?recreate@?$Array@URTreeNodeQ@Gu@physx@@V?$ReflectionAllocator@URTreeNodeQ@Gu@physx@@@shdfnd@3@@shdfnd@physx@@IEAAXI@Z 000000018000bc90 f i RTreeCooking.obj
 0001:0000ad50       ?recreate@?$Array@VPxVec3@physx@@V?$ReflectionAllocator@VPxVec3@physx@@@shdfnd@2@@shdfnd@physx@@IEAAXI@Z 000000018000bd50 f i RTreeCooking.obj
 0001:0000ade0       ?resize@?$Array@IV?$ReflectionAllocator@I@shdfnd@physx@@@shdfnd@physx@@QEAAXIAEBI@Z 000000018000bde0 f i RTreeCooking.obj
 0001:0000aea0       ?resizeUninitialized@?$Array@URTreeNodeNQ@physx@@V?$ReflectionAllocator@URTreeNodeNQ@physx@@@shdfnd@2@@shdfnd@physx@@QEAAXI@Z 000000018000bea0 f i RTreeCooking.obj
 0001:0000aee0       ?sort4@SubSortQuick@physx@@QEAAXPEIAIIAEAV?$Array@URTreeNodeNQ@physx@@V?$ReflectionAllocator@URTreeNodeNQ@physx@@@shdfnd@2@@shdfnd@2@AEAIAEAUPxBounds3V@2@I@Z 000000018000bee0 f i RTreeCooking.obj
 0001:0000b2a0       ?sort4@SubSortSAH@physx@@QEAAXPEAIIAEAV?$Array@URTreeNodeNQ@physx@@V?$ReflectionAllocator@URTreeNodeNQ@physx@@@shdfnd@2@@shdfnd@2@AEAIIPEAURTreeNodeNQ@2@@Z 000000018000c2a0 f i RTreeCooking.obj
 0001:0000bb70       ?split@SubSortSAH@physx@@QEAAIPEAII@Z 000000018000cb70 f i RTreeCooking.obj
 0001:0000c570       ?computeLocalBounds@MeshBulider@physx@@IEAAXAEAVMeshDataBase@Gu@2@@Z 000000018000d570 f   MeshBuilder.obj
 0001:0000c600       ??$?_UG@@YAPEAX_KV?$ReflectionAllocator@G@shdfnd@physx@@PEBDH@Z 000000018000d600 f i TriangleMeshBuilder.obj
 0001:0000c6a0       ??$sort@UEdgeTriLookup@physx@@U?$Less@UEdgeTriLookup@physx@@@shdfnd@2@V?$ReflectionAllocator@UEdgeTriLookup@physx@@@42@@shdfnd@physx@@YAXPEAUEdgeTriLookup@1@IAEBU?$Less@UEdgeTriLookup@physx@@@01@AEBV?$ReflectionAllocator@UEdgeTriLookup@physx@@@01@I@Z 000000018000d6a0 f i TriangleMeshBuilder.obj
 0001:0000cc40       ??0BV4TriangleMeshBuilder@physx@@QEAA@AEBUPxCookingParams@1@@Z 000000018000dc40 f   TriangleMeshBuilder.obj
 0001:0000cd10       ??0RTreeTriangleMeshBuilder@physx@@QEAA@AEBUPxCookingParams@1@@Z 000000018000dd10 f   TriangleMeshBuilder.obj
 0001:0000cdd0       ??1BV4TriangleMeshBuilder@physx@@UEAA@XZ 000000018000ddd0 f   TriangleMeshBuilder.obj
 0001:0000ce30       ??1MeshDataBase@Gu@physx@@UEAA@XZ 000000018000de30 f i TriangleMeshBuilder.obj
 0001:0000cf10       ??1RTreeCookerRemap@physx@@UEAA@XZ 000000018000df10 f i TriangleMeshBuilder.obj
 0001:0000cf20       ??1RTreeTriangleData@Gu@physx@@UEAA@XZ 000000018000df20 f i TriangleMeshBuilder.obj
 0001:0000cf90       ??1RTreeTriangleMeshBuilder@physx@@UEAA@XZ 000000018000df90 f   TriangleMeshBuilder.obj
 0001:0000cfc0       ??1TriangleMeshBuilder@physx@@UEAA@XZ 000000018000dfc0 f   TriangleMeshBuilder.obj
 0001:0000d030       ??1TriangleMeshData@Gu@physx@@UEAA@XZ 000000018000e030 f i TriangleMeshBuilder.obj
 0001:0000d100       ??_EBV4TriangleData@Gu@physx@@UEAAPEAXI@Z 000000018000e100 f i TriangleMeshBuilder.obj
 0001:0000d100       ??_GBV4TriangleData@Gu@physx@@UEAAPEAXI@Z 000000018000e100 f i TriangleMeshBuilder.obj
 0001:0000d190       ??_GBV4TriangleMeshBuilder@physx@@UEAAPEAXI@Z 000000018000e190 f i TriangleMeshBuilder.obj
 0001:0000d190       ??_EBV4TriangleMeshBuilder@physx@@UEAAPEAXI@Z 000000018000e190 f i TriangleMeshBuilder.obj
 0001:0000d210       ??_GMeshDataBase@Gu@physx@@UEAAPEAXI@Z 000000018000e210 f i TriangleMeshBuilder.obj
 0001:0000d210       ??_EMeshDataBase@Gu@physx@@UEAAPEAXI@Z 000000018000e210 f i TriangleMeshBuilder.obj
 0001:0000d280       ??_ERTreeCookerRemap@physx@@UEAAPEAXI@Z 000000018000e280 f i TriangleMeshBuilder.obj
 0001:0000d280       ??_GRTreeCookerRemap@physx@@UEAAPEAXI@Z 000000018000e280 f i TriangleMeshBuilder.obj
 0001:0000d2b0       ??_ERTreeTriangleData@Gu@physx@@UEAAPEAXI@Z 000000018000e2b0 f i TriangleMeshBuilder.obj
 0001:0000d2b0       ??_GRTreeTriangleData@Gu@physx@@UEAAPEAXI@Z 000000018000e2b0 f i TriangleMeshBuilder.obj
 0001:0000d320       ??_GRTreeTriangleMeshBuilder@physx@@UEAAPEAXI@Z 000000018000e320 f i TriangleMeshBuilder.obj
 0001:0000d320       ??_ERTreeTriangleMeshBuilder@physx@@UEAAPEAXI@Z 000000018000e320 f i TriangleMeshBuilder.obj
 0001:0000d370       ??_GRemapCallback@RTreeCooker@physx@@UEAAPEAXI@Z 000000018000e370 f i TriangleMeshBuilder.obj
 0001:0000d370       ??_ERemapCallback@RTreeCooker@physx@@UEAAPEAXI@Z 000000018000e370 f i TriangleMeshBuilder.obj
 0001:0000d3a0       ??_ETriangleMeshBuilder@physx@@UEAAPEAXI@Z 000000018000e3a0 f i TriangleMeshBuilder.obj
 0001:0000d3a0       ??_GTriangleMeshBuilder@physx@@UEAAPEAXI@Z 000000018000e3a0 f i TriangleMeshBuilder.obj
 0001:0000d3e0       ??_GTriangleMeshData@Gu@physx@@UEAAPEAXI@Z 000000018000e3e0 f i TriangleMeshBuilder.obj
 0001:0000d3e0       ??_ETriangleMeshData@Gu@physx@@UEAAPEAXI@Z 000000018000e3e0 f i TriangleMeshBuilder.obj
 0001:0000d450       ?allocateTriangles@TriangleMeshData@Gu@physx@@QEAAPEAXI_NI@Z 000000018000e450 f i TriangleMeshBuilder.obj
 0001:0000d530       ?allocateVertices@MeshDataBase@Gu@physx@@QEAAPEAVPxVec3@3@I@Z 000000018000e530 f i TriangleMeshBuilder.obj
 0001:0000da50       ?checkMeshIndicesSize@TriangleMeshBuilder@physx@@QEAAXXZ 000000018000ea50 f   TriangleMeshBuilder.obj
 0001:0000db60       ?cleanMesh@TriangleMeshBuilder@physx@@QEAA_N_NPEAW4Enum@PxTriangleMeshCookingResult@2@@Z 000000018000eb60 f   TriangleMeshBuilder.obj
 0001:0000e050       ?createGRBMidPhaseAndData@TriangleMeshBuilder@physx@@QEAAXI@Z 000000018000f050 f   TriangleMeshBuilder.obj
 0001:0000e2c0       ?createMidPhaseStructure@BV32TriangleMeshBuilder@physx@@SAXAEBUPxCookingParams@2@AEAVTriangleMeshData@Gu@2@AEAVBV32Tree@52@@Z 000000018000f2c0 f   TriangleMeshBuilder.obj
 0001:0000e490       ?createMidPhaseStructure@BV4TriangleMeshBuilder@physx@@UEAAXXZ 000000018000f490 f   TriangleMeshBuilder.obj
 0001:0000e750       ?createMidPhaseStructure@RTreeTriangleMeshBuilder@physx@@UEAAXXZ 000000018000f750 f   TriangleMeshBuilder.obj
 0001:0000e830       ?createSharedEdgeData@TriangleMeshBuilder@physx@@QEAAX_N0@Z 000000018000f830 f   TriangleMeshBuilder.obj
 0001:0000eed0       ?getMidphaseID@BV4TriangleMeshBuilder@physx@@UEBA?AW4Enum@PxMeshMidPhase@2@XZ 000000018000fed0 f i TriangleMeshBuilder.obj
 0001:0000eee0       ?getMidphaseID@RTreeTriangleMeshBuilder@physx@@UEBA?AW4Enum@PxMeshMidPhase@2@XZ 000000018000fee0 f i TriangleMeshBuilder.obj
 0001:0000eef0       ?importMesh@TriangleMeshBuilder@physx@@IEAA_NAEBVPxTriangleMeshDesc@2@AEBUPxCookingParams@2@PEAW4Enum@PxTriangleMeshCookingResult@2@_N@Z 000000018000fef0 f   TriangleMeshBuilder.obj
 0001:0000f270       ?loadFromDesc@TriangleMeshBuilder@physx@@QEAA_NAEBVPxTriangleMeshDesc@2@PEAW4Enum@PxTriangleMeshCookingResult@2@_N@Z 0000000180010270 f   TriangleMeshBuilder.obj
 0001:0000f6f0       ?onMeshIndexFormatChange@BV4TriangleMeshBuilder@physx@@UEAAXXZ 00000001800106f0 f   TriangleMeshBuilder.obj
 0001:0000f730       ?remap@RTreeCookerRemap@physx@@UEAAXPEAIII@Z 0000000180010730 f i TriangleMeshBuilder.obj
 0001:0000f750       ?remapTopology@TriangleMeshBuilder@physx@@QEAAXPEBI@Z 0000000180010750 f   TriangleMeshBuilder.obj
 0001:0000fa40       ?save@TriangleMeshBuilder@physx@@QEBA_NAEAVPxOutputStream@2@_NAEBUPxCookingParams@2@@Z 0000000180010a40 f   TriangleMeshBuilder.obj
 0001:00010010       ?saveMidPhaseStructure@BV4TriangleMeshBuilder@physx@@UEBAXAEAVPxOutputStream@2@_N@Z 0000000180011010 f   TriangleMeshBuilder.obj
 0001:000101b0       ?saveMidPhaseStructure@RTreeTriangleMeshBuilder@physx@@UEBAXAEAVPxOutputStream@2@_N@Z 00000001800111b0 f   TriangleMeshBuilder.obj
 0001:000103f0       ??0BigConvexDataBuilder@physx@@QEAA@PEBUConvexHullData@Gu@1@PEAVBigConvexData@1@PEBVPxVec3@1@@Z 00000001800113f0 f   BigConvexDataBuilder.obj
 0001:00010400       ??4BigConvexData@physx@@QEAAAEAV01@AEBV01@@Z 0000000180011400 f i BigConvexDataBuilder.obj
 0001:00010420       ?GetAdjacentVerts@BigConvexData@physx@@QEBAPEBEXZ 0000000180011420 f i BigConvexDataBuilder.obj
 0001:00010430       ?GetNbNeighbors@BigConvexData@physx@@QEBAGI@Z 0000000180011430 f i BigConvexDataBuilder.obj
 0001:00010430       ?GetValency@BigConvexData@physx@@QEBAGI@Z 0000000180011430 f i BigConvexDataBuilder.obj
 0001:00010440       ?GetNbSamples@BigConvexData@physx@@QEBAIXZ 0000000180011440 f i BigConvexDataBuilder.obj
 0001:00010450       ?GetNbVerts@BigConvexData@physx@@QEBAIXZ 0000000180011450 f i BigConvexDataBuilder.obj
 0001:00010460       ?GetNeighbors@BigConvexData@physx@@QEBAPEBEI@Z 0000000180011460 f i BigConvexDataBuilder.obj
 0001:00010470       ?GetOffset@BigConvexData@physx@@QEBAGI@Z 0000000180011470 f i BigConvexDataBuilder.obj
 0001:00010480       ?GetSubdiv@BigConvexData@physx@@QEBAIXZ 0000000180011480 f i BigConvexDataBuilder.obj
 0001:00010490       ?computeValencies@BigConvexDataBuilder@physx@@QEAA_NAEBVConvexHullBuilder@2@@Z 0000000180011490 f   BigConvexDataBuilder.obj
 0001:00010870       ?precompute@BigConvexDataBuilder@physx@@QEAA_NI@Z 0000000180011870 f   BigConvexDataBuilder.obj
 0001:00011450       ?save@BigConvexDataBuilder@physx@@QEBA_NAEAVPxOutputStream@2@_N@Z 0000000180012450 f   BigConvexDataBuilder.obj
 0001:00011530       ?saveValencies@BigConvexDataBuilder@physx@@QEBA_NAEAVPxOutputStream@2@_N@Z 0000000180012530 f   BigConvexDataBuilder.obj
 0001:000116d0       ??$?_UE@@YAPEAX_KV?$ReflectionAllocator@E@shdfnd@physx@@PEBDH@Z 00000001800126d0 f i ConvexHullBuilder.obj
 0001:00011770       ??0ConvexHullBuilder@physx@@QEAA@PEAUConvexHullData@Gu@1@_N@Z 0000000180012770 f   ConvexHullBuilder.obj
 0001:000117a0       ??1ConvexHullBuilder@physx@@QEAA@XZ 00000001800127a0 f   ConvexHullBuilder.obj
 0001:000118a0       ?calculateVertexMapTable@ConvexHullBuilder@physx@@QEAA_NI_N@Z 00000001800128a0 f   ConvexHullBuilder.obj
 0001:00011ad0       ?checkHullPolygons@ConvexHullBuilder@physx@@QEBA_NXZ 0000000180012ad0 f   ConvexHullBuilder.obj
 0001:00012110       ?computeGeomCenter@ConvexHullBuilder@physx@@IEBA_NAEAVPxVec3@2@IPEAUHullTriangleData@2@@Z 0000000180013110 f   ConvexHullBuilder.obj
 0001:000123c0       ?copy@ConvexHullBuilder@physx@@QEAA_NAEAUConvexHullData@Gu@2@AEAI@Z 00000001800133c0 f   ConvexHullBuilder.obj
 0001:00012630       ?createEdgeList@ConvexHullBuilder@physx@@QEAA_N_NI@Z 0000000180013630 f   ConvexHullBuilder.obj
 0001:00012e30       ?init@ConvexHullBuilder@physx@@QEAA_NIPEBVPxVec3@2@PEBIIIPEBUPxHullPolygon@2@_NPEAVConvexHullLib@2@@Z 0000000180013e30 f   ConvexHullBuilder.obj
 0001:000131f0       ?save@ConvexHullBuilder@physx@@QEBA_NAEAVPxOutputStream@2@_N@Z 00000001800141f0 f   ConvexHullBuilder.obj
 0001:00013510       ??1ConvexHullLib@physx@@UEAA@XZ 0000000180014510 f   ConvexHullLib.obj
 0001:00013570       ??_EConvexHullLib@physx@@UEAAPEAXI@Z 0000000180014570 f i ConvexHullLib.obj
 0001:00013570       ??_GConvexHullLib@physx@@UEAAPEAXI@Z 0000000180014570 f i ConvexHullLib.obj
 0001:00013ad0       ?cleanupVertices@ConvexHullLib@physx@@IEAA_NIPEBVPxVec3@2@IAEAIPEAV32@AEAV32@3@Z 0000000180014ad0 f   ConvexHullLib.obj
 0001:00013f60       ?shiftAndcleanupVertices@ConvexHullLib@physx@@IEAA_NIPEBVPxVec3@2@IAEAIPEAV32@AEAV32@3@Z 0000000180014f60 f   ConvexHullLib.obj
 0001:00014430       ?shiftConvexMeshDesc@ConvexHullLib@physx@@IEAAXAEAVPxConvexMeshDesc@2@@Z 0000000180015430 f   ConvexHullLib.obj
 0001:000144f0       ?swapLargestFace@ConvexHullLib@physx@@IEAAXAEAVPxConvexMeshDesc@2@@Z 00000001800154f0 f   ConvexHullLib.obj
 0001:000146e0       ??0Box@Gu@physx@@QEAA@AEBV012@@Z 00000001800156e0 f i ConvexHullUtils.obj
 0001:000146e0       ??4Box@Gu@physx@@QEAAAEBV012@AEBV012@@Z 00000001800156e0 f i ConvexHullUtils.obj
 0001:00014740       ??0Box@Gu@physx@@QEAA@AEBVPxVec3@2@0AEBVPxMat33@2@@Z 0000000180015740 f i ConvexHullUtils.obj
 0001:000147b0       ??0ConvexHull@physx@@QEAA@AEBVPxVec3@1@AEBVPxTransform@1@AEBV?$Array@VPxPlane@physx@@V?$ReflectionAllocator@VPxPlane@physx@@@shdfnd@2@@shdfnd@1@@Z 00000001800157b0 f   ConvexHullUtils.obj
 0001:00015980       ??0PxQuat@physx@@QEAA@AEBVPxMat33@1@@Z 0000000180016980 f i ConvexHullUtils.obj
 0001:00015b80       ?allocate@?$Array@VHalfEdge@ConvexHull@physx@@V?$ReflectionAllocator@VHalfEdge@ConvexHull@physx@@@shdfnd@3@@shdfnd@physx@@IEAAPEAVHalfEdge@ConvexHull@3@I@Z 0000000180016b80 f i ConvexHullUtils.obj
 0001:00015c20       ?allocate@?$Array@VPxPlane@physx@@V?$ReflectionAllocator@VPxPlane@physx@@@shdfnd@2@@shdfnd@physx@@IEAAPEAVPxPlane@3@I@Z 0000000180016c20 f i ConvexHullUtils.obj
 0001:00015cc0       ?assertIntact@ConvexHull@physx@@QEBA_NM@Z 0000000180016cc0 f   ConvexHullUtils.obj
 0001:00015fd0       ?computeAABBExtent@Box@Gu@physx@@QEBA?AVPxVec3@3@XZ 0000000180016fd0 f i ConvexHullUtils.obj
 0001:00016090       ?computeBoxPoints@Box@Gu@physx@@QEBAXPEIAVPxVec3@3@@Z 0000000180017090 f i ConvexHullUtils.obj
 0001:000160d0       ?computeOBBFromConvex@physx@@YA_NAEBVPxConvexMeshDesc@1@AEAVPxVec3@1@AEAVPxTransform@1@@Z 00000001800170d0 f   ConvexHullUtils.obj
 0001:000167b0       ?computeOBBSIMD@local@@YAXIPEBT__m128@@AEAT2@AEBT2@1@Z 00000001800177b0 f   ConvexHullUtils.obj
 0001:00016bc0       ?convexHullCrop@physx@@YAPEAVConvexHull@1@AEBV21@AEBVPxPlane@1@M@Z 0000000180017bc0 f   ConvexHullUtils.obj
 0001:000179a0       ?copy@?$Array@VPxPlane@physx@@V?$ReflectionAllocator@VPxPlane@physx@@@shdfnd@2@@shdfnd@physx@@KAXPEAVPxPlane@3@0PEBV43@@Z 00000001800189a0 f i ConvexHullUtils.obj
 0001:00017aa0       ?findCandidatePlane@ConvexHull@physx@@QEBAHMM@Z 0000000180018aa0 f   ConvexHullUtils.obj
 0001:00017ef0       ?getInverse@PxMat33@physx@@QEBA?BV12@XZ 0000000180018ef0 f i ConvexHullUtils.obj
 0001:00018140       ?getTransform@Box@Gu@physx@@QEBA?AVPxTransform@3@XZ 0000000180019140 f i ConvexHullUtils.obj
 0001:000181a0       ?growAndPushBack@?$Array@VHalfEdge@ConvexHull@physx@@V?$ReflectionAllocator@VHalfEdge@ConvexHull@physx@@@shdfnd@3@@shdfnd@physx@@IEAAAEAVHalfEdge@ConvexHull@3@AEBV453@@Z 00000001800191a0 f i ConvexHullUtils.obj
 0001:00018260       ?growAndPushBack@?$Array@VPxPlane@physx@@V?$ReflectionAllocator@VPxPlane@physx@@@shdfnd@2@@shdfnd@physx@@IEAAAEAVPxPlane@3@AEBV43@@Z 0000000180019260 f i ConvexHullUtils.obj
 0001:00018320       ?isValid@Box@Gu@physx@@QEBA_NXZ 0000000180019320 f i ConvexHullUtils.obj
 0001:00018340       ?maxNumVertsPerFace@ConvexHull@physx@@QEBAIXZ 0000000180019340 f   ConvexHullUtils.obj
 0001:000183b0       ?recreate@?$Array@VHalfEdge@ConvexHull@physx@@V?$ReflectionAllocator@VHalfEdge@ConvexHull@physx@@@shdfnd@3@@shdfnd@physx@@IEAAXI@Z 00000001800193b0 f i ConvexHullUtils.obj
 0001:00018450       ?recreate@?$Array@VPxPlane@physx@@V?$ReflectionAllocator@VPxPlane@physx@@@shdfnd@2@@shdfnd@physx@@IEAAXI@Z 0000000180019450 f i ConvexHullUtils.obj
 0001:000184e0       ?resize@?$Array@VHalfEdge@ConvexHull@physx@@V?$ReflectionAllocator@VHalfEdge@ConvexHull@physx@@@shdfnd@3@@shdfnd@physx@@QEAAXIAEBVHalfEdge@ConvexHull@3@@Z 00000001800194e0 f i ConvexHullUtils.obj
 0001:000185a0       ?resize@?$Array@VPxPlane@physx@@V?$ReflectionAllocator@VPxPlane@physx@@@shdfnd@2@@shdfnd@physx@@QEAAXIAEBVPxPlane@3@@Z 00000001800195a0 f i ConvexHullUtils.obj
 0001:000186c0       ?resize@?$Array@VPxVec3@physx@@V?$ReflectionAllocator@VPxVec3@physx@@@shdfnd@2@@shdfnd@physx@@QEAAXIAEBVPxVec3@3@@Z 00000001800196c0 f i ConvexHullUtils.obj
 0001:000187b0       ?rotate@Box@Gu@physx@@QEBA?AVPxVec3@3@AEBV43@@Z 00000001800197b0 f i ConvexHullUtils.obj
 0001:00018840       ?rotateInv@Box@Gu@physx@@QEBA?AVPxVec3@3@AEBV43@@Z 0000000180019840 f i ConvexHullUtils.obj
 0001:000188d0       ?setAxes@Box@Gu@physx@@QEAAXAEBVPxVec3@3@00@Z 00000001800198d0 f i ConvexHullUtils.obj
 0001:00018910       ?setEmpty@Box@Gu@physx@@QEAAXXZ 0000000180019910 f i ConvexHullUtils.obj
 0001:00018950       ?transform@Box@Gu@physx@@QEBA?AVPxVec3@3@AEBV43@@Z 0000000180019950 f i ConvexHullUtils.obj
 0001:000189f0       ??0ConvexMeshBuilder@physx@@QEAA@_N@Z 00000001800199f0 f   ConvexMeshBuilder.obj
 0001:00018a50       ??1ConvexMeshBuilder@physx@@QEAA@XZ 0000000180019a50 f   ConvexMeshBuilder.obj
 0001:00018eb0       ?build@ConvexMeshBuilder@physx@@QEAA_NAEBVPxConvexMeshDesc@2@I_NPEAVConvexHullLib@2@@Z 0000000180019eb0 f   ConvexMeshBuilder.obj
 0001:000191e0       ?computeHullPolygons@ConvexMeshBuilder@physx@@QEAA_NAEBIPEBVPxVec3@2@0PEBIAEAVPxAllocatorCallback@2@AEAIAEAPEAV32@4AEAPEAI4AEAPEAUPxHullPolygon@2@@Z 000000018001a1e0 f   ConvexMeshBuilder.obj
 0001:00019400       ?computeMassInfo@ConvexMeshBuilder@physx@@QEAAX_N@Z 000000018001a400 f   ConvexMeshBuilder.obj
 0001:000197f0       ?copy@ConvexMeshBuilder@physx@@QEAA_NAEAUConvexHullInitData@Gu@2@@Z 000000018001a7f0 f   ConvexMeshBuilder.obj
 0001:00019910       ?isFinite@PxVec3@physx@@QEBA_NXZ 000000018001a910 f i ConvexMeshBuilder.obj
 0001:00019970       ?loadConvexHull@ConvexMeshBuilder@physx@@QEAA_NAEBVPxConvexMeshDesc@2@PEAVConvexHullLib@2@@Z 000000018001a970 f   ConvexMeshBuilder.obj
 0001:00019c00       ?save@ConvexMeshBuilder@physx@@QEBA_NAEAVPxOutputStream@2@_N@Z 000000018001ac00 f   ConvexMeshBuilder.obj
 0001:00019e10       ??$copy@V?$ReflectionAllocator@VPair@@@shdfnd@physx@@@?$Array@VPair@@V?$ReflectionAllocator@VPair@@@shdfnd@physx@@@shdfnd@physx@@IEAAXAEBV012@@Z 000000018001ae10 f i ConvexPolygonsBuilder.obj
 0001:00019e90       ??0ConvexPolygonsBuilder@physx@@QEAA@PEAUConvexHullData@Gu@1@_N@Z 000000018001ae90 f   ConvexPolygonsBuilder.obj
 0001:00019eb0       ??1ConvexPolygonsBuilder@physx@@QEAA@XZ 000000018001aeb0 f   ConvexPolygonsBuilder.obj
 0001:0001a710       ?allocate@?$Array@VPair@@V?$ReflectionAllocator@VPair@@@shdfnd@physx@@@shdfnd@physx@@IEAAPEAVPair@@I@Z 000000018001b710 f i ConvexPolygonsBuilder.obj
 0001:0001af60       ?computeHullPolygons@ConvexPolygonsBuilder@physx@@QEAA_NAEBIPEBVPxVec3@2@0PEBI@Z 000000018001bf60 f   ConvexPolygonsBuilder.obj
 0001:0001c020       ?createPolygonData@ConvexPolygonsBuilder@physx@@AEAA_NXZ 000000018001d020 f   ConvexPolygonsBuilder.obj
 0001:0001cba0       ?createTrianglesFromPolygons@ConvexPolygonsBuilder@physx@@AEAA_NXZ 000000018001dba0 f   ConvexPolygonsBuilder.obj
 0001:0001e220       ?growAndPushBack@?$Array@VPair@@V?$ReflectionAllocator@VPair@@@shdfnd@physx@@@shdfnd@physx@@IEAAAEAVPair@@AEBV4@@Z 000000018001f220 f i ConvexPolygonsBuilder.obj
 0001:0001e2f0       ??0QuickHull@local@@QEAA@AEBUPxCookingParams@physx@@AEBVPxConvexMeshDesc@3@@Z 000000018001f2f0 f   QuickHullConvexHullLib.obj
 0001:0001e3a0       ??0QuickHullConvexHullLib@physx@@QEAA@AEBVPxConvexMeshDesc@1@AEBUPxCookingParams@1@@Z 000000018001f3a0 f   QuickHullConvexHullLib.obj
 0001:0001e480       ??1?$MemBlock@UQuickHullHalfEdge@local@@$0A@@local@@QEAA@XZ 000000018001f480 f i QuickHullConvexHullLib.obj
 0001:0001e480       ??1?$MemBlock@UQuickHullFace@local@@$00@local@@QEAA@XZ 000000018001f480 f i QuickHullConvexHullLib.obj
 0001:0001e510       ??1QuickHull@local@@QEAA@XZ 000000018001f510 f   QuickHullConvexHullLib.obj
 0001:0001e660       ??_GConvexHull@physx@@QEAAPEAXI@Z 000000018001f660 f i QuickHullConvexHullLib.obj
 0001:0001e750       ??_GQuickHullConvexHullLib@physx@@UEAAPEAXI@Z 000000018001f750 f i QuickHullConvexHullLib.obj
 0001:0001e750       ??_EQuickHullConvexHullLib@physx@@UEAAPEAXI@Z 000000018001f750 f i QuickHullConvexHullLib.obj
 0001:0001e850       ?addPointToHull@QuickHull@local@@IEAA_NPEBUQuickHullVertex@2@AEAUQuickHullFace@2@AEA_N@Z 000000018001f850 f   QuickHullConvexHullLib.obj
 0001:0001eb20       ?addSimplex@QuickHull@local@@IEAAXPEAUQuickHullVertex@2@_N@Z 000000018001fb20 f   QuickHullConvexHullLib.obj
 0001:0001f010       ?allocate@?$Array@PEAUQuickHullFace@local@@V?$ReflectionAllocator@PEAUQuickHullFace@local@@@shdfnd@physx@@@shdfnd@physx@@IEAAPEAPEAUQuickHullFace@local@@I@Z 0000000180020010 f i QuickHullConvexHullLib.obj
 0001:0001f0b0       ?allocate@?$Array@PEAUQuickHullHalfEdge@local@@V?$ReflectionAllocator@PEAUQuickHullHalfEdge@local@@@shdfnd@physx@@@shdfnd@physx@@IEAAPEAPEAUQuickHullHalfEdge@local@@I@Z 00000001800200b0 f i QuickHullConvexHullLib.obj
 0001:0001f150       ?allocate@?$Array@PEAUQuickHullVertex@local@@V?$ReflectionAllocator@PEAUQuickHullVertex@local@@@shdfnd@physx@@@shdfnd@physx@@IEAAPEAPEAUQuickHullVertex@local@@I@Z 0000000180020150 f i QuickHullConvexHullLib.obj
 0001:0001f1f0       ?allocate@?$Array@UExpandPoint@local@@V?$ReflectionAllocator@UExpandPoint@local@@@shdfnd@physx@@@shdfnd@physx@@IEAAPEAUExpandPoint@local@@I@Z 00000001800201f0 f i QuickHullConvexHullLib.obj
 0001:0001f290       ?buildHull@QuickHull@local@@QEAA?AW4Enum@QuickHullResult@2@XZ 0000000180020290 f   QuickHullConvexHullLib.obj
 0001:0001f4a0       ?calculateHorizon@QuickHull@local@@IEAAXAEBVPxVec3@physx@@PEAUQuickHullHalfEdge@2@AEAUQuickHullFace@2@AEAV?$Array@PEAUQuickHullHalfEdge@local@@V?$ReflectionAllocator@PEAUQuickHullHalfEdge@local@@@shdfnd@physx@@@shdfnd@4@AEAV?$Array@PEAUQuickHullFace@local@@V?$ReflectionAllocator@PEAUQuickHullFace@local@@@shdfnd@physx@@@84@@Z 00000001800204a0 f   QuickHullConvexHullLib.obj
 0001:0001f650       ?canMergeFaces@QuickHull@local@@IEAA_NAEBUQuickHullHalfEdge@2@@Z 0000000180020650 f   QuickHullConvexHullLib.obj
 0001:0001fec0       ?cleanupForSimplex@QuickHullConvexHullLib@physx@@IEAA_NPEAVPxVec3@2@IPEAUQuickHullVertex@local@@1AEAM2@Z 0000000180020ec0 f   QuickHullConvexHullLib.obj
 0001:00020a90       ?computeMinMaxVerts@QuickHull@local@@IEAAXXZ 0000000180021a90 f   QuickHullConvexHullLib.obj
 0001:00020e60       ?connectHalfEdges@QuickHullFace@local@@AEAAPEAU12@PEAUQuickHullHalfEdge@2@0@Z 0000000180021e60 f   QuickHullConvexHullLib.obj
 0001:000211d0       ?copy@?$Array@UExpandPoint@local@@V?$ReflectionAllocator@UExpandPoint@local@@@shdfnd@physx@@@shdfnd@physx@@KAXPEAUExpandPoint@local@@0PEBU45@@Z 00000001800221d0 f i QuickHullConvexHullLib.obj
 0001:00021280       ?createConvexHull@QuickHullConvexHullLib@physx@@UEAA?AW4Enum@PxConvexMeshCookingResult@2@XZ 0000000180022280 f   QuickHullConvexHullLib.obj
 0001:000216b0       ?createEdgeList@QuickHullConvexHullLib@physx@@UEAA_NIPEBEPEAPEAEPEAPEAG2@Z 00000001800226b0 f   QuickHullConvexHullLib.obj
 0001:00021900       ?createTriangle@QuickHull@local@@IEAAPEAUQuickHullFace@2@AEBUQuickHullVertex@2@00@Z 0000000180022900 f   QuickHullConvexHullLib.obj
 0001:00021ce0       ?doAdjacentMerge@QuickHull@local@@IEAA_NAEAUQuickHullFace@2@_NAEA_N@Z 0000000180022ce0 f   QuickHullConvexHullLib.obj
 0001:00022030       ?expandHull@QuickHullConvexHullLib@physx@@IEAA?AW4Enum@PxConvexMeshCookingResult@2@XZ 0000000180023030 f   QuickHullConvexHullLib.obj
 0001:00022db0       ?expandHullOBB@QuickHullConvexHullLib@physx@@IEAA?AW4Enum@PxConvexMeshCookingResult@2@XZ 0000000180023db0 f   QuickHullConvexHullLib.obj
 0001:000231d0       ?fillConvexMeshDesc@QuickHullConvexHullLib@physx@@UEAAXAEAVPxConvexMeshDesc@2@@Z 00000001800241d0 f   QuickHullConvexHullLib.obj
 0001:00023220       ?fillConvexMeshDescFromCroppedHull@QuickHullConvexHullLib@physx@@IEAAXAEAVPxConvexMeshDesc@2@@Z 0000000180024220 f   QuickHullConvexHullLib.obj
 0001:00023410       ?fillConvexMeshDescFromQuickHull@QuickHullConvexHullLib@physx@@IEAAXAEAVPxConvexMeshDesc@2@@Z 0000000180024410 f   QuickHullConvexHullLib.obj
 0001:00023780       ?findSimplex@QuickHull@local@@IEAA_NXZ 0000000180024780 f   QuickHullConvexHullLib.obj
 0001:00024410       ?getFreeItem@?$MemBlock@UQuickHullFace@local@@$00@local@@QEAAPEAUQuickHullFace@2@XZ 0000000180025410 f i QuickHullConvexHullLib.obj
 0001:00024540       ?getFreeItem@?$MemBlock@UQuickHullHalfEdge@local@@$0A@@local@@QEAAPEAUQuickHullHalfEdge@2@XZ 0000000180025540 f i QuickHullConvexHullLib.obj
 0001:00024610       ?growAndPushBack@?$Array@PEAUQuickHullFace@local@@V?$ReflectionAllocator@PEAUQuickHullFace@local@@@shdfnd@physx@@@shdfnd@physx@@IEAAAEAPEAUQuickHullFace@local@@AEBQEAU45@@Z 0000000180025610 f i QuickHullConvexHullLib.obj
 0001:000246d0       ?growAndPushBack@?$Array@PEAUQuickHullHalfEdge@local@@V?$ReflectionAllocator@PEAUQuickHullHalfEdge@local@@@shdfnd@physx@@@shdfnd@physx@@IEAAAEAPEAUQuickHullHalfEdge@local@@AEBQEAU45@@Z 00000001800256d0 f i QuickHullConvexHullLib.obj
 0001:00024790       ?growAndPushBack@?$Array@PEAUQuickHullVertex@local@@V?$ReflectionAllocator@PEAUQuickHullVertex@local@@@shdfnd@physx@@@shdfnd@physx@@IEAAAEAPEAUQuickHullVertex@local@@AEBQEAU45@@Z 0000000180025790 f i QuickHullConvexHullLib.obj
 0001:00024850       ?growAndPushBack@?$Array@UExpandPoint@local@@V?$ReflectionAllocator@UExpandPoint@local@@@shdfnd@physx@@@shdfnd@physx@@IEAAAEAUExpandPoint@local@@AEBU45@@Z 0000000180025850 f i QuickHullConvexHullLib.obj
 0001:00024950       ?init@?$MemBlock@UQuickHullFace@local@@$00@local@@QEAAXI@Z 0000000180025950 f i QuickHullConvexHullLib.obj
 0001:00024a40       ?init@?$MemBlock@UQuickHullHalfEdge@local@@$0A@@local@@QEAAXI@Z 0000000180025a40 f i QuickHullConvexHullLib.obj
 0001:00024ae0       ?mergeAdjacentFace@QuickHullFace@local@@QEAA_NPEAUQuickHullHalfEdge@2@AEAV?$Array@PEAUQuickHullFace@local@@V?$ReflectionAllocator@PEAUQuickHullFace@local@@@shdfnd@physx@@@shdfnd@physx@@@Z 0000000180025ae0 f   QuickHullConvexHullLib.obj
 0001:00024f30       ?nextPointToAdd@QuickHull@local@@IEAAPEAUQuickHullVertex@2@AEAPEAUQuickHullFace@2@@Z 0000000180025f30 f   QuickHullConvexHullLib.obj
 0001:000250b0       ?parseInputVertices@QuickHull@local@@QEAAXPEBVPxVec3@physx@@I@Z 00000001800260b0 f   QuickHullConvexHullLib.obj
 0001:00025230       ?postMergeHull@QuickHull@local@@IEAAXXZ 0000000180026230 f   QuickHullConvexHullLib.obj
 0001:00025480       ?preallocate@QuickHull@local@@QEAAXI@Z 0000000180026480 f   QuickHullConvexHullLib.obj
 0001:000255c0       ?recreate@?$Array@PEAUQuickHullFace@local@@V?$ReflectionAllocator@PEAUQuickHullFace@local@@@shdfnd@physx@@@shdfnd@physx@@IEAAXI@Z 00000001800265c0 f i QuickHullConvexHullLib.obj
 0001:00025660       ?recreate@?$Array@PEAUQuickHullHalfEdge@local@@V?$ReflectionAllocator@PEAUQuickHullHalfEdge@local@@@shdfnd@physx@@@shdfnd@physx@@IEAAXI@Z 0000000180026660 f i QuickHullConvexHullLib.obj
 0001:00025700       ?recreate@?$Array@PEAUQuickHullVertex@local@@V?$ReflectionAllocator@PEAUQuickHullVertex@local@@@shdfnd@physx@@@shdfnd@physx@@IEAAXI@Z 0000000180026700 f i QuickHullConvexHullLib.obj
 0001:000257a0       ?recreate@?$Array@UExpandPoint@local@@V?$ReflectionAllocator@UExpandPoint@local@@@shdfnd@physx@@@shdfnd@physx@@IEAAXI@Z 00000001800267a0 f i QuickHullConvexHullLib.obj
 0001:00025830       ?resolveUnclaimedPoints@QuickHull@local@@IEAAXAEBV?$Array@PEAUQuickHullFace@local@@V?$ReflectionAllocator@PEAUQuickHullFace@local@@@shdfnd@physx@@@shdfnd@physx@@@Z 0000000180026830 f   QuickHullConvexHullLib.obj
 0001:000264f0       ?computeVolumeIntegralsEberly@physx@@YA_NAEBVPxConvexMeshDesc@1@MAEAUPxIntegrals@1@AEBVPxVec3@1@@Z 00000001800274f0 f   VolumeIntegration.obj
 0001:00026530       ?computeVolumeIntegralsEberlySIMD@physx@@YA_NAEBVPxConvexMeshDesc@1@MAEAUPxIntegrals@1@AEBVPxVec3@1@@Z 0000000180027530 f   VolumeIntegration.obj
 0001:00026b80       ?cookingDelayHook@@YAP6A_JXZIPEAUDelayLoadInfo@@@Z 0000000180027b80 f   WindowsCookingDelayLoadHook.obj
 0001:00026c60       PxSetPhysXCookingDelayLoadHook 0000000180027c60 f   WindowsCookingDelayLoadHook.obj
 0001:00026c68       __imp_load_??0RadixSortBuffered@Cm@physx@@QEAA@XZ 0000000180027c68 f   PhysXCommon_64:PhysXCommon_64.dll
 0001:00026c74       ??0RadixSortBuffered@Cm@physx@@QEAA@XZ 0000000180027c74 f   PhysXCommon_64:PhysXCommon_64.dll
 0001:00026c7a       __tailMerge_physxcommon_64_dll 0000000180027c7a     PhysXCommon_64:PhysXCommon_64.dll
 0001:00026cf3       __imp_load_??1RadixSortBuffered@Cm@physx@@UEAA@XZ 0000000180027cf3 f   PhysXCommon_64:PhysXCommon_64.dll
 0001:00026cff       ??1RadixSortBuffered@Cm@physx@@UEAA@XZ 0000000180027cff f   PhysXCommon_64:PhysXCommon_64.dll
 0001:00026d05       __imp_load_?Sort@RadixSortBuffered@Cm@physx@@QEAAAEAV123@PEBIIW4RadixHint@23@@Z 0000000180027d05 f   PhysXCommon_64:PhysXCommon_64.dll
 0001:00026d11       ?Sort@RadixSortBuffered@Cm@physx@@QEAAAEAV123@PEBIIW4RadixHint@23@@Z 0000000180027d11 f   PhysXCommon_64:PhysXCommon_64.dll
 0001:00026d17       __imp_load_??0HeightField@Gu@physx@@QEAA@PEAVGuMeshFactory@2@@Z 0000000180027d17 f   PhysXCommon_64:PhysXCommon_64.dll
 0001:00026d23       ??0HeightField@Gu@physx@@QEAA@PEAVGuMeshFactory@2@@Z 0000000180027d23 f   PhysXCommon_64:PhysXCommon_64.dll
 0001:00026d29       __imp_load_?loadFromDesc@HeightField@Gu@physx@@QEAA_NAEBVPxHeightFieldDesc@3@@Z 0000000180027d29 f   PhysXCommon_64:PhysXCommon_64.dll
 0001:00026d35       ?loadFromDesc@HeightField@Gu@physx@@QEAA_NAEBVPxHeightFieldDesc@3@@Z 0000000180027d35 f   PhysXCommon_64:PhysXCommon_64.dll
 0001:00026d3b       __imp_load_?computeCellCoordinates@HeightField@Gu@physx@@QEBAIMMAEAM0@Z 0000000180027d3b f   PhysXCommon_64:PhysXCommon_64.dll
 0001:00026d47       ?computeCellCoordinates@HeightField@Gu@physx@@QEBAIMMAEAM0@Z 0000000180027d47 f   PhysXCommon_64:PhysXCommon_64.dll
 0001:00026d4d       __imp_load_?releaseMemory@HeightField@Gu@physx@@QEAAXXZ 0000000180027d4d f   PhysXCommon_64:PhysXCommon_64.dll
 0001:00026d59       ?releaseMemory@HeightField@Gu@physx@@QEAAXXZ 0000000180027d59 f   PhysXCommon_64:PhysXCommon_64.dll
 0001:00026d5f       __imp_load_??1HeightField@Gu@physx@@UEAA@XZ 0000000180027d5f f   PhysXCommon_64:PhysXCommon_64.dll
 0001:00026d6b       ??1HeightField@Gu@physx@@UEAA@XZ 0000000180027d6b f   PhysXCommon_64:PhysXCommon_64.dll
 0001:00026d71       __imp_load_??0NodeAllocator@Gu@physx@@QEAA@XZ 0000000180027d71 f   PhysXCommon_64:PhysXCommon_64.dll
 0001:00026d7d       ??0NodeAllocator@Gu@physx@@QEAA@XZ 0000000180027d7d f   PhysXCommon_64:PhysXCommon_64.dll
 0001:00026d83       __imp_load_??1NodeAllocator@Gu@physx@@QEAA@XZ 0000000180027d83 f   PhysXCommon_64:PhysXCommon_64.dll
 0001:00026d8f       ??1NodeAllocator@Gu@physx@@QEAA@XZ 0000000180027d8f f   PhysXCommon_64:PhysXCommon_64.dll
 0001:00026d95       __imp_load_?release@NodeAllocator@Gu@physx@@QEAAXXZ 0000000180027d95 f   PhysXCommon_64:PhysXCommon_64.dll
 0001:00026da1       ?release@NodeAllocator@Gu@physx@@QEAAXXZ 0000000180027da1 f   PhysXCommon_64:PhysXCommon_64.dll
 0001:00026da7       __imp_load_?buildAABBTree@Gu@physx@@YA_NAEAVAABBTreeBuildParams@12@AEAVNodeAllocator@12@AEAUBuildStats@12@AEAPEAI@Z 0000000180027da7 f   PhysXCommon_64:PhysXCommon_64.dll
 0001:00026db3       ?buildAABBTree@Gu@physx@@YA_NAEAVAABBTreeBuildParams@12@AEAVNodeAllocator@12@AEAUBuildStats@12@AEAPEAI@Z 0000000180027db3 f   PhysXCommon_64:PhysXCommon_64.dll
 0001:00026db9       __imp_load_?writeDword@physx@@YAXI_NAEAVPxOutputStream@1@@Z 0000000180027db9 f   PhysXCommon_64:PhysXCommon_64.dll
 0001:00026dc5       ?writeDword@physx@@YAXI_NAEAVPxOutputStream@1@@Z 0000000180027dc5 f   PhysXCommon_64:PhysXCommon_64.dll
 0001:00026dcb       __imp_load_?writeFloatBuffer@physx@@YAXPEBMI_NAEAVPxOutputStream@1@@Z 0000000180027dcb f   PhysXCommon_64:PhysXCommon_64.dll
 0001:00026dd7       ?writeFloatBuffer@physx@@YAXPEBMI_NAEAVPxOutputStream@1@@Z 0000000180027dd7 f   PhysXCommon_64:PhysXCommon_64.dll
 0001:00026ddd       __imp_load_?writeHeader@physx@@YA_NCCCCI_NAEAVPxOutputStream@1@@Z 0000000180027ddd f   PhysXCommon_64:PhysXCommon_64.dll
 0001:00026de9       ?writeHeader@physx@@YA_NCCCCI_NAEAVPxOutputStream@1@@Z 0000000180027de9 f   PhysXCommon_64:PhysXCommon_64.dll
 0001:00026def       __imp_load_?writeWord@physx@@YAXG_NAEAVPxOutputStream@1@@Z 0000000180027def f   PhysXCommon_64:PhysXCommon_64.dll
 0001:00026dfb       ?writeWord@physx@@YAXG_NAEAVPxOutputStream@1@@Z 0000000180027dfb f   PhysXCommon_64:PhysXCommon_64.dll
 0001:00026e01       __imp_load_?writeFloat@physx@@YAXM_NAEAVPxOutputStream@1@@Z 0000000180027e01 f   PhysXCommon_64:PhysXCommon_64.dll
 0001:00026e0d       ?writeFloat@physx@@YAXM_NAEAVPxOutputStream@1@@Z 0000000180027e0d f   PhysXCommon_64:PhysXCommon_64.dll
 0001:00026e13       __imp_load_?computeBoundsAroundVertices@Gu@physx@@YAXAEAVPxBounds3@2@IPEIBVPxVec3@2@@Z 0000000180027e13 f   PhysXCommon_64:PhysXCommon_64.dll
 0001:00026e1f       ?computeBoundsAroundVertices@Gu@physx@@YAXAEAVPxBounds3@2@IPEIBVPxVec3@2@@Z 0000000180027e1f f   PhysXCommon_64:PhysXCommon_64.dll
 0001:00026e25       __imp_load_??0SourceMesh@Gu@physx@@QEAA@XZ 0000000180027e25 f   PhysXCommon_64:PhysXCommon_64.dll
 0001:00026e31       ??0SourceMesh@Gu@physx@@QEAA@XZ 0000000180027e31 f   PhysXCommon_64:PhysXCommon_64.dll
 0001:00026e37       __imp_load_??1SourceMesh@Gu@physx@@QEAA@XZ 0000000180027e37 f   PhysXCommon_64:PhysXCommon_64.dll
 0001:00026e43       ??1SourceMesh@Gu@physx@@QEAA@XZ 0000000180027e43 f   PhysXCommon_64:PhysXCommon_64.dll
 0001:00026e49       __imp_load_??0BV4Tree@Gu@physx@@QEAA@XZ 0000000180027e49 f   PhysXCommon_64:PhysXCommon_64.dll
 0001:00026e55       ??0BV4Tree@Gu@physx@@QEAA@XZ 0000000180027e55 f   PhysXCommon_64:PhysXCommon_64.dll
 0001:00026e5b       __imp_load_??1BV4Tree@Gu@physx@@QEAA@XZ 0000000180027e5b f   PhysXCommon_64:PhysXCommon_64.dll
 0001:00026e67       ??1BV4Tree@Gu@physx@@QEAA@XZ 0000000180027e67 f   PhysXCommon_64:PhysXCommon_64.dll
 0001:00026e6d       __imp_load_??0BV32Tree@Gu@physx@@QEAA@XZ 0000000180027e6d f   PhysXCommon_64:PhysXCommon_64.dll
 0001:00026e79       ??0BV32Tree@Gu@physx@@QEAA@XZ 0000000180027e79 f   PhysXCommon_64:PhysXCommon_64.dll
 0001:00026e7f       __imp_load_??1BV32Tree@Gu@physx@@QEAA@XZ 0000000180027e7f f   PhysXCommon_64:PhysXCommon_64.dll
 0001:00026e8b       ??1BV32Tree@Gu@physx@@QEAA@XZ 0000000180027e8b f   PhysXCommon_64:PhysXCommon_64.dll
 0001:00026e91       __imp_load_?writeWordBuffer@physx@@YAXPEBGI_NAEAVPxOutputStream@1@@Z 0000000180027e91 f   PhysXCommon_64:PhysXCommon_64.dll
 0001:00026e9d       ?writeWordBuffer@physx@@YAXPEBGI_NAEAVPxOutputStream@1@@Z 0000000180027e9d f   PhysXCommon_64:PhysXCommon_64.dll
 0001:00026ea3       __imp_load_?computeMaxIndex@physx@@YAIPEBII@Z 0000000180027ea3 f   PhysXCommon_64:PhysXCommon_64.dll
 0001:00026eaf       ?computeMaxIndex@physx@@YAIPEBII@Z 0000000180027eaf f   PhysXCommon_64:PhysXCommon_64.dll
 0001:00026eb5       __imp_load_?storeIndices@physx@@YAXIIPEBIAEAVPxOutputStream@1@_N@Z 0000000180027eb5 f   PhysXCommon_64:PhysXCommon_64.dll
 0001:00026ec1       ?storeIndices@physx@@YAXIIPEBIAEAVPxOutputStream@1@_N@Z 0000000180027ec1 f   PhysXCommon_64:PhysXCommon_64.dll
 0001:00026ec7       __imp_load_?BuildBV4Ex@Gu@physx@@YA_NAEAVBV4Tree@12@AEAVSourceMesh@12@MI@Z 0000000180027ec7 f   PhysXCommon_64:PhysXCommon_64.dll
 0001:00026ed3       ?BuildBV4Ex@Gu@physx@@YA_NAEAVBV4Tree@12@AEAVSourceMesh@12@MI@Z 0000000180027ed3 f   PhysXCommon_64:PhysXCommon_64.dll
 0001:00026ed9       __imp_load_?BuildBV32Ex@Gu@physx@@YA_NAEAVBV32Tree@12@AEAVSourceMesh@12@MI@Z 0000000180027ed9 f   PhysXCommon_64:PhysXCommon_64.dll
 0001:00026ee5       ?BuildBV32Ex@Gu@physx@@YA_NAEAVBV32Tree@12@AEAVSourceMesh@12@MI@Z 0000000180027ee5 f   PhysXCommon_64:PhysXCommon_64.dll
 0001:00026eeb       __imp_load_?computeMaxIndex@physx@@YAGPEBGI@Z 0000000180027eeb f   PhysXCommon_64:PhysXCommon_64.dll
 0001:00026ef7       ?computeMaxIndex@physx@@YAGPEBGI@Z 0000000180027ef7 f   PhysXCommon_64:PhysXCommon_64.dll
 0001:00026efd       __imp_load_?WriteHeader@Gu@physx@@YA_NEEEEI_NAEAVPxOutputStream@2@@Z 0000000180027efd f   PhysXCommon_64:PhysXCommon_64.dll
 0001:00026f09       ?WriteHeader@Gu@physx@@YA_NEEEEI_NAEAVPxOutputStream@2@@Z 0000000180027f09 f   PhysXCommon_64:PhysXCommon_64.dll
 0001:00026f0f       __imp_load_?StoreIndices@Gu@physx@@YAXGIPEBGAEAVPxOutputStream@2@_N@Z 0000000180027f0f f   PhysXCommon_64:PhysXCommon_64.dll
 0001:00026f1b       ?StoreIndices@Gu@physx@@YAXGIPEBGAEAVPxOutputStream@2@_N@Z 0000000180027f1b f   PhysXCommon_64:PhysXCommon_64.dll
 0001:00026f21       __imp_load_?CreateOffsets@BigConvexData@physx@@IEAAXXZ 0000000180027f21 f   PhysXCommon_64:PhysXCommon_64.dll
 0001:00026f2d       ?CreateOffsets@BigConvexData@physx@@IEAAXXZ 0000000180027f2d f   PhysXCommon_64:PhysXCommon_64.dll
 0001:00026f33       __imp_load_?computeOBBPoints@Gu@physx@@YAXPEIAVPxVec3@2@AEBV32@1111@Z 0000000180027f33 f   PhysXCommon_64:PhysXCommon_64.dll
 0001:00026f3f       ?computeOBBPoints@Gu@physx@@YAXPEIAVPxVec3@2@AEBV32@1111@Z 0000000180027f3f f   PhysXCommon_64:PhysXCommon_64.dll
 0001:00026f45       __imp_load_??0BigConvexData@physx@@QEAA@XZ 0000000180027f45 f   PhysXCommon_64:PhysXCommon_64.dll
 0001:00026f51       ??0BigConvexData@physx@@QEAA@XZ 0000000180027f51 f   PhysXCommon_64:PhysXCommon_64.dll
 0001:00026f57       __imp_load_??1BigConvexData@physx@@QEAA@XZ 0000000180027f57 f   PhysXCommon_64:PhysXCommon_64.dll
 0001:00026f63       ??1BigConvexData@physx@@QEAA@XZ 0000000180027f63 f   PhysXCommon_64:PhysXCommon_64.dll
 0001:00026f69       __imp_load_PxGetFoundation 0000000180027f69 f   PhysXFoundation_64:PhysXFoundation_64.dll
 0001:00026f75       PxGetFoundation            0000000180027f75 f   PhysXFoundation_64:PhysXFoundation_64.dll
 0001:00026f7b       __tailMerge_physxfoundation_64_dll 0000000180027f7b     PhysXFoundation_64:PhysXFoundation_64.dll
 0001:00026ff4       __imp_load_?getAllocator@shdfnd@physx@@YAAEAVPxAllocatorCallback@2@XZ 0000000180027ff4 f   PhysXFoundation_64:PhysXFoundation_64.dll
 0001:00027000       ?getAllocator@shdfnd@physx@@YAAEAVPxAllocatorCallback@2@XZ 0000000180028000 f   PhysXFoundation_64:PhysXFoundation_64.dll
 0001:00027006       __imp_load_?getInstance@Foundation@shdfnd@physx@@SAAEAV123@XZ 0000000180028006 f   PhysXFoundation_64:PhysXFoundation_64.dll
 0001:00027012       ?getInstance@Foundation@shdfnd@physx@@SAAEAV123@XZ 0000000180028012 f   PhysXFoundation_64:PhysXFoundation_64.dll
 0001:00027018       __imp_load_?error@Foundation@shdfnd@physx@@QEAAXW4Enum@PxErrorCode@3@PEBDH1ZZ 0000000180028018 f   PhysXFoundation_64:PhysXFoundation_64.dll
 0001:00027024       ?error@Foundation@shdfnd@physx@@QEAAXW4Enum@PxErrorCode@3@PEBDH1ZZ 0000000180028024 f   PhysXFoundation_64:PhysXFoundation_64.dll
 0001:0002702a       __imp_load_?incRefCount@Foundation@shdfnd@physx@@SAXXZ 000000018002802a f   PhysXFoundation_64:PhysXFoundation_64.dll
 0001:00027036       ?incRefCount@Foundation@shdfnd@physx@@SAXXZ 0000000180028036 f   PhysXFoundation_64:PhysXFoundation_64.dll
 0001:0002703c       __imp_load_?decRefCount@Foundation@shdfnd@physx@@SAXXZ 000000018002803c f   PhysXFoundation_64:PhysXFoundation_64.dll
 0001:00027048       ?decRefCount@Foundation@shdfnd@physx@@SAXXZ 0000000180028048 f   PhysXFoundation_64:PhysXFoundation_64.dll
 0001:0002704e       __imp_load_??0FPUGuard@shdfnd@physx@@QEAA@XZ 000000018002804e f   PhysXFoundation_64:PhysXFoundation_64.dll
 0001:0002705a       ??0FPUGuard@shdfnd@physx@@QEAA@XZ 000000018002805a f   PhysXFoundation_64:PhysXFoundation_64.dll
 0001:00027060       __imp_load_??1FPUGuard@shdfnd@physx@@QEAA@XZ 0000000180028060 f   PhysXFoundation_64:PhysXFoundation_64.dll
 0001:0002706c       ??1FPUGuard@shdfnd@physx@@QEAA@XZ 000000018002806c f   PhysXFoundation_64:PhysXFoundation_64.dll
 0001:00027072       __imp_load_?allocate@TempAllocator@shdfnd@physx@@QEAAPEAX_KPEBDH@Z 0000000180028072 f   PhysXFoundation_64:PhysXFoundation_64.dll
 0001:0002707e       ?allocate@TempAllocator@shdfnd@physx@@QEAAPEAX_KPEBDH@Z 000000018002807e f   PhysXFoundation_64:PhysXFoundation_64.dll
 0001:00027084       __imp_load_?deallocate@TempAllocator@shdfnd@physx@@QEAAXPEAX@Z 0000000180028084 f   PhysXFoundation_64:PhysXFoundation_64.dll
 0001:00027090       ?deallocate@TempAllocator@shdfnd@physx@@QEAAXPEAX@Z 0000000180028090 f   PhysXFoundation_64:PhysXFoundation_64.dll
 0001:00027096       __imp_load_?PxDiagonalize@physx@@YA?AVPxVec3@1@AEBVPxMat33@1@AEAVPxQuat@1@@Z 0000000180028096 f   PhysXFoundation_64:PhysXFoundation_64.dll
 0001:000270a2       ?PxDiagonalize@physx@@YA?AVPxVec3@1@AEBVPxMat33@1@AEAVPxQuat@1@@Z 00000001800280a2 f   PhysXFoundation_64:PhysXFoundation_64.dll
 0001:000270a8       ?DloadAcquireSectionWriteAccess@@YAXXZ 00000001800280a8 f i Delayimp:delayhlp.obj
 0001:00027154       ?DloadGetSRWLockFunctionPointers@@YAEXZ 0000000180028154 f i Delayimp:delayhlp.obj
 0001:000271f4       ?DloadMakePermanentImageCommit@@YAXPEAX_K@Z 00000001800281f4 f i Delayimp:delayhlp.obj
 0001:0002728c       ?DloadObtainSection@@YAPEAXPEAK0@Z 000000018002828c f i Delayimp:delayhlp.obj
 0001:00027328       ?DloadProtectSection@@YAXKPEAK@Z 0000000180028328 f i Delayimp:delayhlp.obj
 0001:000273b8       ?DloadReleaseSectionWriteAccess@@YAXXZ 00000001800283b8 f i Delayimp:delayhlp.obj
 0001:0002744c       __delayLoadHelper2         000000018002844c f   Delayimp:delayhlp.obj
 0001:00027724       ??_L@YAXPEAX_K1P6AX0@Z2@Z  0000000180028724 f   MSVCRT:ehvecctr.obj
 0001:00027794       ??_M@YAXPEAX_K1P6AX0@Z@Z   0000000180028794 f   MSVCRT:ehvecdtr.obj
 0001:00027800       ?__ArrayUnwind@@YAXPEAX_K1P6AX0@Z@Z 0000000180028800 f   MSVCRT:ehvecdtr.obj
 0001:00027864       ??3@YAXPEAX_K@Z            0000000180028864 f   MSVCRT:delete_scalar_size.obj
 0001:00027864       ??_V@YAXPEAX@Z             0000000180028864 f   MSVCRT:delete_array.obj
 0001:0002786c       ??_V@YAXPEAX_K@Z           000000018002886c f   MSVCRT:delete_array_size.obj
 0001:00027874       __GSHandlerCheck_EH4       0000000180028874 f   MSVCRT:gshandlereh4.obj
 0001:00027910       __security_check_cookie    0000000180028910 f   MSVCRT:amdsecgs.obj
 0001:00027930       ??_Etype_info@@UEAAPEAXI@Z 0000000180028930 f i MSVCRT:std_type_info_static.obj
 0001:00027930       ??_Gtype_info@@UEAAPEAXI@Z 0000000180028930 f i MSVCRT:std_type_info_static.obj
 0001:0002795c       ?__scrt_initialize_type_info@@YAXXZ 000000018002895c f   MSVCRT:tncleanup.obj
 0001:0002796c       ?__scrt_uninitialize_type_info@@YAXXZ 000000018002896c f   MSVCRT:tncleanup.obj
 0001:00027990       _alloca_probe              0000000180028990 f   MSVCRT:chkstk.obj
 0001:00027990       __chkstk                   0000000180028990 f   MSVCRT:chkstk.obj
 0001:000279e0       __GSHandlerCheck           00000001800289e0 f   MSVCRT:gshandler.obj
 0001:00027a00       __GSHandlerCheckCommon     0000000180028a00 f   MSVCRT:gshandler.obj
 0001:00027a5c       ??3@YAXPEAX@Z              0000000180028a5c f   MSVCRT:delete_scalar.obj
 0001:00027a64       __raise_securityfailure    0000000180028a64 f   MSVCRT:gs_report.obj
 0001:00027a98       __report_gsfailure         0000000180028a98 f   MSVCRT:gs_report.obj
 0001:00027b6c       __report_rangecheckfailure 0000000180028b6c f   MSVCRT:gs_report.obj
 0001:00027b80       __report_securityfailure   0000000180028b80 f   MSVCRT:gs_report.obj
 0001:00027d00       __vdecl_sinf4              0000000180028d00 f   MSVCRT:svml_ssinf4_dispatch.obj
 0001:00027d20       __libm_sse2_sincosf_       0000000180028d20 f   MSVCRT:svml_ssinf4_dispatch.obj
 0001:00027d63       __libm_sse2_sincosf4_      0000000180028d63 f   MSVCRT:svml_ssinf4_dispatch.obj
 0001:00028090       _DllMainCRTStartup         0000000180029090 f   MSVCRT:dll_dllmain.obj
 0001:000280d0       _guard_check_icall_nop     00000001800290d0 f i MSVCRT:guard_support.obj
 0001:000280d4       __isa_available_init       00000001800290d4 f   MSVCRT:cpu_disp.obj
 0001:00028280       __sse2_sinf4@@16           0000000180029280 f   MSVCRT:svml_ssinf4_sse2.obj
 0001:00028bc0       __sse4_sinf4@@16           0000000180029bc0 f   MSVCRT:svml_ssinf4_sse4.obj
 0001:00029334       __security_init_cookie     000000018002a334 f   MSVCRT:gs_support.obj
 0001:000293e0       DllMain                    000000018002a3e0 f   MSVCRT:dll_dllmain_stub.obj
 0001:00029404       __local_stdio_printf_options 000000018002a404 f i MSVCRT:default_local_stdio_options.obj
 0001:0002940c       __local_stdio_scanf_options 000000018002a40c f i MSVCRT:default_local_stdio_options.obj
 0001:00029414       __scrt_initialize_default_local_stdio_options 000000018002a414 f   MSVCRT:default_local_stdio_options.obj
 0001:00029430       __scrt_acquire_startup_lock 000000018002a430 f   MSVCRT:utility.obj
 0001:0002946c       __scrt_dllmain_after_initialize_c 000000018002a46c f   MSVCRT:utility.obj
 0001:000294a0       __scrt_dllmain_before_initialize_c 000000018002a4a0 f   MSVCRT:utility.obj
 0001:000294b8       __scrt_dllmain_crt_thread_attach 000000018002a4b8 f   MSVCRT:utility.obj
 0001:000294e0       __scrt_dllmain_crt_thread_detach 000000018002a4e0 f   MSVCRT:utility.obj
 0001:000294f8       __scrt_dllmain_exception_filter 000000018002a4f8 f   MSVCRT:utility.obj
 0001:00029558       __scrt_dllmain_uninitialize_c 000000018002a558 f   MSVCRT:utility.obj
 0001:00029588       __scrt_dllmain_uninitialize_critical 000000018002a588 f   MSVCRT:utility.obj
 0001:0002959c       __scrt_initialize_crt      000000018002a59c f   MSVCRT:utility.obj
 0001:000295e8       __scrt_initialize_onexit_tables 000000018002a5e8 f   MSVCRT:utility.obj
 0001:00029674       __scrt_is_nonwritable_in_current_image 000000018002a674 f   MSVCRT:utility.obj
 0001:0002970c       __scrt_release_startup_lock 000000018002a70c f   MSVCRT:utility.obj
 0001:00029730       __scrt_uninitialize_crt    000000018002a730 f   MSVCRT:utility.obj
 0001:0002975c       __scrt_get_dyn_tls_init_callback 000000018002a75c f   MSVCRT:dyn_tls_init.obj
 0001:00029764       __crt_debugger_hook        000000018002a764 f   MSVCRT:utility_desktop.obj
 0001:0002976c       __scrt_fastfail            000000018002a76c f   MSVCRT:utility_desktop.obj
 0001:000298b8       _RTC_Initialize            000000018002a8b8 f   MSVCRT:initsect.obj
 0001:000298f4       _RTC_Terminate             000000018002a8f4 f   MSVCRT:initsect.obj
 0001:00029930       __common_ssin_cout_rare    000000018002a930 f   MSVCRT:svml_s_sin_cout.obj
 0001:000299a0       _get_startup_argv_mode     000000018002a9a0 f   MSVCRT:argv_mode.obj
 0001:000299a8       __scrt_is_ucrt_dll_in_use  000000018002a9a8 f   MSVCRT:ucrt_detection.obj
 0001:000299b4       _purecall                  000000018002a9b4 f   vcruntime:VCRUNTIME140.dll
 0001:000299ba       __std_terminate            000000018002a9ba f   vcruntime:VCRUNTIME140.dll
[...]
 0002:00007d7f       $N00002                    0000000180033d7f     PhysXCooking_64.exp
 0002:00007da6       $N00003                    0000000180033da6     PhysXCooking_64.exp
 0002:00007de1       $N00004                    0000000180033de1     PhysXCooking_64.exp
 0002:00007e08       $N00005                    0000000180033e08     PhysXCooking_64.exp
 0002:00007e34       $N00006                    0000000180033e34     PhysXCooking_64.exp
 0002:00007e55       $N00007                    0000000180033e55     PhysXCooking_64.exp
 0002:00007e8a       $N00008                    0000000180033e8a     PhysXCooking_64.exp
 0002:00007ea3       $N00009                    0000000180033ea3     PhysXCooking_64.exp
 0002:00007ec3       $N00010                    0000000180033ec3     PhysXCooking_64.exp
 0002:00007eec       $N00011                    0000000180033eec     PhysXCooking_64.exp
 0002:00007f13       $N00012                    0000000180033f13     PhysXCooking_64.exp
 0002:00007f42       $N00013                    0000000180033f42     PhysXCooking_64.exp
 0002:00007f6f       $N00014                    0000000180033f6f     PhysXCooking_64.exp
 0002:00007fa0       $N00015                    0000000180033fa0     PhysXCooking_64.exp
 0002:00007fc5       $N00016                    0000000180033fc5     PhysXCooking_64.exp
 0002:00007ff0       $N00017                    0000000180033ff0     PhysXCooking_64.exp
 0002:00008016       $N00018                    0000000180034016     PhysXCooking_64.exp
 0002:00008035       $N00019                    0000000180034035     PhysXCooking_64.exp
 0002:0000806b       $N00020                    000000018003406b     PhysXCooking_64.exp
 0002:00008095       $N00021                    0000000180034095     PhysXCooking_64.exp
 0002:000080bc       $N00022                    00000001800340bc     PhysXCooking_64.exp
 0002:000080e5       $N00023                    00000001800340e5     PhysXCooking_64.exp
 0002:000080fe       $N00024                    00000001800340fe     PhysXCooking_64.exp
 0002:00008123       $N00025                    0000000180034123     PhysXCooking_64.exp
 0002:00008142       $N00026                    0000000180034142     PhysXCooking_64.exp
 0002:00008161       $N00027                    0000000180034161     PhysXCooking_64.exp
 0002:00008181       $N00028                    0000000180034181     PhysXCooking_64.exp
 0002:000081b7       $N00029                    00000001800341b7     PhysXCooking_64.exp
 0002:000081ef       $N00030                    00000001800341ef     PhysXCooking_64.exp
 0002:00008223       $N00031                    0000000180034223     PhysXCooking_64.exp
 0002:00008255       $N00032                    0000000180034255     PhysXCooking_64.exp
 0002:00008282       $N00033                    0000000180034282     PhysXCooking_64.exp
 0002:000082aa       $N00034                    00000001800342aa     PhysXCooking_64.exp
 0002:000082db       $N00035                    00000001800342db     PhysXCooking_64.exp
 0002:0000830a       $N00036                    000000018003430a     PhysXCooking_64.exp
 0002:0000833a       $N00037                    000000018003433a     PhysXCooking_64.exp
 0002:00008368       $N00038                    0000000180034368     PhysXCooking_64.exp
 0002:00008399       $N00039                    0000000180034399     PhysXCooking_64.exp
 0002:000083cf       $N00040                    00000001800343cf     PhysXCooking_64.exp
 0002:00008403       $N00041                    0000000180034403     PhysXCooking_64.exp
 0002:00008435       $N00042                    0000000180034435     PhysXCooking_64.exp
 0002:00008467       $N00043                    0000000180034467     PhysXCooking_64.exp
 0002:00008493       $N00044                    0000000180034493     PhysXCooking_64.exp
 0002:000084af       $N00045                    00000001800344af     PhysXCooking_64.exp
 0002:000084d9       $N00046                    00000001800344d9     PhysXCooking_64.exp
 0002:000084fd       $N00047                    00000001800344fd     PhysXCooking_64.exp
 0002:0000852f       $N00048                    000000018003452f     PhysXCooking_64.exp
 0002:00008556       $N00049                    0000000180034556     PhysXCooking_64.exp
 0002:00008584       $N00050                    0000000180034584     PhysXCooking_64.exp
 0002:000085af       $N00051                    00000001800345af     PhysXCooking_64.exp
 0002:000085dc       $N00052                    00000001800345dc     PhysXCooking_64.exp
 0002:00008605       $N00053                    0000000180034605     PhysXCooking_64.exp
 0002:00008634       $N00054                    0000000180034634     PhysXCooking_64.exp
 0002:0000865d       $N00055                    000000018003465d     PhysXCooking_64.exp
 0002:00008686       $N00056                    0000000180034686     PhysXCooking_64.exp
 0002:000086b4       $N00057                    00000001800346b4     PhysXCooking_64.exp
 0002:000086dc       $N00058                    00000001800346dc     PhysXCooking_64.exp
 0002:00008717       $N00059                    0000000180034717     PhysXCooking_64.exp
 0002:00008741       $N00060                    0000000180034741     PhysXCooking_64.exp
 0002:00008775       $N00061                    0000000180034775     PhysXCooking_64.exp
 0002:000087ab       $N00062                    00000001800347ab     PhysXCooking_64.exp
 0002:000087e7       $N00063                    00000001800347e7     PhysXCooking_64.exp
 0002:0000882f       $N00064                    000000018003482f     PhysXCooking_64.exp
 0002:0000887f       $N00065                    000000018003487f     PhysXCooking_64.exp
 0002:000088b3       $N00066                    00000001800348b3     PhysXCooking_64.exp
 0002:000088e8       $N00067                    00000001800348e8     PhysXCooking_64.exp
 0002:0000891e       $N00068                    000000018003491e     PhysXCooking_64.exp
 0002:00008945       $N00069                    0000000180034945     PhysXCooking_64.exp
 0002:0000898d       $N00070                    000000018003498d     PhysXCooking_64.exp
 0002:000089d3       $N00071                    00000001800349d3     PhysXCooking_64.exp
 0002:00008a2b       $N00072                    0000000180034a2b     PhysXCooking_64.exp
 0002:00008a72       $N00073                    0000000180034a72     PhysXCooking_64.exp
 0002:00008a9d       $N00074                    0000000180034a9d     PhysXCooking_64.exp
 0002:00008acd       $N00075                    0000000180034acd     PhysXCooking_64.exp
 0002:00008b1d       $N00076                    0000000180034b1d     PhysXCooking_64.exp
 0002:00008bcc       $N00077                    0000000180034bcc     PhysXCooking_64.exp
 0002:00008c2a       $N00078                    0000000180034c2a     PhysXCooking_64.exp
 0002:00008c56       $N00079                    0000000180034c56     PhysXCooking_64.exp
 0002:00008c82       $N00080                    0000000180034c82     PhysXCooking_64.exp
 0002:00008cb7       $N00081                    0000000180034cb7     PhysXCooking_64.exp
 0002:00008ce0       $N00082                    0000000180034ce0     PhysXCooking_64.exp
 0002:00008d1c       $N00083                    0000000180034d1c     PhysXCooking_64.exp
 0002:00008d48       $N00084                    0000000180034d48     PhysXCooking_64.exp
 0002:00008d7b       $N00085                    0000000180034d7b     PhysXCooking_64.exp
 0002:00008dc8       $N00086                    0000000180034dc8     PhysXCooking_64.exp
 0002:00008dfb       $N00087                    0000000180034dfb     PhysXCooking_64.exp
 0002:00008e35       $N00088                    0000000180034e35     PhysXCooking_64.exp
 0002:00008e6f       $N00089                    0000000180034e6f     PhysXCooking_64.exp
 0002:00008eab       $N00090                    0000000180034eab     PhysXCooking_64.exp
 0002:00008eef       $N00091                    0000000180034eef     PhysXCooking_64.exp
 0002:00008f1e       $N00092                    0000000180034f1e     PhysXCooking_64.exp
 0002:00008f98       $N00093                    0000000180034f98     PhysXCooking_64.exp
 0002:00008ff5       $N00094                    0000000180034ff5     PhysXCooking_64.exp
 0002:00009021       $N00095                    0000000180035021     PhysXCooking_64.exp
 0002:00009055       $N00096                    0000000180035055     PhysXCooking_64.exp
 0002:0000908e       $N00097                    000000018003508e     PhysXCooking_64.exp
 0002:000090cb       $N00098                    00000001800350cb     PhysXCooking_64.exp
 0002:00009101       $N00099                    0000000180035101     PhysXCooking_64.exp
 0002:0000912e       $N00100                    000000018003512e     PhysXCooking_64.exp
 0002:0000915b       $N00101                    000000018003515b     PhysXCooking_64.exp
 0002:00009186       $N00102                    0000000180035186     PhysXCooking_64.exp
 0002:000091b2       $N00103                    00000001800351b2     PhysXCooking_64.exp
 0002:000091df       $N00104                    00000001800351df     PhysXCooking_64.exp
 0002:000091ff       $N00105                    00000001800351ff     PhysXCooking_64.exp
 0002:0000923b       $N00106                    000000018003523b     PhysXCooking_64.exp
 0002:0000926c       $N00107                    000000018003526c     PhysXCooking_64.exp
 0002:0000929e       $N00108                    000000018003529e     PhysXCooking_64.exp
 0002:000092e0       $N00109                    00000001800352e0     PhysXCooking_64.exp
 0002:0000930d       $N00110                    000000018003530d     PhysXCooking_64.exp
 0002:00009331       $N00111                    0000000180035331     PhysXCooking_64.exp
 0002:00009361       $N00112                    0000000180035361     PhysXCooking_64.exp
 0002:00009394       $N00113                    0000000180035394     PhysXCooking_64.exp
 0002:000093b9       $N00114                    00000001800353b9     PhysXCooking_64.exp
 0002:000093e7       $N00115                    00000001800353e7     PhysXCooking_64.exp
 0002:0000940f       $N00116                    000000018003540f     PhysXCooking_64.exp
 0002:0000942f       $N00117                    000000018003542f     PhysXCooking_64.exp
 0002:00009474       $N00118                    0000000180035474     PhysXCooking_64.exp
 0002:000094b1       $N00119                    00000001800354b1     PhysXCooking_64.exp
 0002:000094ee       $N00120                    00000001800354ee     PhysXCooking_64.exp
 0002:00009521       $N00121                    0000000180035521     PhysXCooking_64.exp
 0002:00009531       $N00122                    0000000180035531     PhysXCooking_64.exp
 0002:000097c0       .idata$6                   00000001800357c0     kernel32:KERNEL32.dll
 0002:000098a4       .idata$6                   00000001800358a4     vcruntime:VCRUNTIME140.dll
 0002:000098b6       .idata$6                   00000001800358b6     vcruntime:VCRUNTIME140_1.dll
 0002:000099a4       .idata$6                   00000001800359a4     ucrt:api-ms-win-crt-string-l1-1-0.dll
 0002:000099c6       .idata$6                   00000001800359c6     ucrt:api-ms-win-crt-math-l1-1-0.dll
 0002:000099e6       .idata$6                   00000001800359e6     ucrt:api-ms-win-crt-runtime-l1-1-0.dll
 0002:00009a08       .idata$6                   0000000180035a08     ucrt:api-ms-win-crt-heap-l1-1-0.dll
 0003:00000000       ?MAXDOT_MINANG@local@@3MB  0000000180036000     ConvexHullUtils.obj
 0003:00000004       ?MAXDOT_MINANG@local@@3MB  0000000180036004     QuickHullConvexHullLib.obj
 0003:00000ac0       ?maxV3Error@_VecMathTests@aos@shdfnd@physx@@3T__m128@@B 0000000180036ac0     Cooking.obj
 0003:00000ad0       ?minFError@_VecMathTests@aos@shdfnd@physx@@3T__m128@@B 0000000180036ad0     Cooking.obj
 0003:00000ae0       ?maxV4Error@_VecMathTests@aos@shdfnd@physx@@3T__m128@@B 0000000180036ae0     Cooking.obj
 0003:00000af0       ?minV4Error@_VecMathTests@aos@shdfnd@physx@@3T__m128@@B 0000000180036af0     Cooking.obj
 0003:00000b00       ?minV3Error@_VecMathTests@aos@shdfnd@physx@@3T__m128@@B 0000000180036b00     Cooking.obj
 0003:00000b10       ?maxFError@_VecMathTests@aos@shdfnd@physx@@3T__m128@@B 0000000180036b10     Cooking.obj
 0003:00000b20       ?maxV3Error@_VecMathTests@aos@shdfnd@physx@@3T__m128@@B 0000000180036b20     BVHStructureBuilder.obj
 0003:00000b30       ?minFError@_VecMathTests@aos@shdfnd@physx@@3T__m128@@B 0000000180036b30     BVHStructureBuilder.obj
 0003:00000b40       ?maxV4Error@_VecMathTests@aos@shdfnd@physx@@3T__m128@@B 0000000180036b40     BVHStructureBuilder.obj
 0003:00000b50       ?minV4Error@_VecMathTests@aos@shdfnd@physx@@3T__m128@@B 0000000180036b50     BVHStructureBuilder.obj
 0003:00000b60       ?minV3Error@_VecMathTests@aos@shdfnd@physx@@3T__m128@@B 0000000180036b60     BVHStructureBuilder.obj
 0003:00000b70       ?maxFError@_VecMathTests@aos@shdfnd@physx@@3T__m128@@B 0000000180036b70     BVHStructureBuilder.obj
 0003:00000b80       ?maxV3Error@_VecMathTests@aos@shdfnd@physx@@3T__m128@@B 0000000180036b80     RTreeCooking.obj
 0003:00000b90       ?minFError@_VecMathTests@aos@shdfnd@physx@@3T__m128@@B 0000000180036b90     RTreeCooking.obj
 0003:00000ba0       ?maxV4Error@_VecMathTests@aos@shdfnd@physx@@3T__m128@@B 0000000180036ba0     RTreeCooking.obj
 0003:00000bb0       ?minV4Error@_VecMathTests@aos@shdfnd@physx@@3T__m128@@B 0000000180036bb0     RTreeCooking.obj
 0003:00000bc0       ?minV3Error@_VecMathTests@aos@shdfnd@physx@@3T__m128@@B 0000000180036bc0     RTreeCooking.obj
 0003:00000bd0       ?maxFError@_VecMathTests@aos@shdfnd@physx@@3T__m128@@B 0000000180036bd0     RTreeCooking.obj
 0003:00000be0       ?maxV3Error@_VecMathTests@aos@shdfnd@physx@@3T__m128@@B 0000000180036be0     MeshBuilder.obj
 0003:00000bf0       ?minFError@_VecMathTests@aos@shdfnd@physx@@3T__m128@@B 0000000180036bf0     MeshBuilder.obj
 0003:00000c00       ?maxV4Error@_VecMathTests@aos@shdfnd@physx@@3T__m128@@B 0000000180036c00     MeshBuilder.obj
 0003:00000c10       ?minV4Error@_VecMathTests@aos@shdfnd@physx@@3T__m128@@B 0000000180036c10     MeshBuilder.obj
 0003:00000c20       ?minV3Error@_VecMathTests@aos@shdfnd@physx@@3T__m128@@B 0000000180036c20     MeshBuilder.obj
 0003:00000c30       ?maxFError@_VecMathTests@aos@shdfnd@physx@@3T__m128@@B 0000000180036c30     MeshBuilder.obj
 0003:00000c40       ?maxV3Error@_VecMathTests@aos@shdfnd@physx@@3T__m128@@B 0000000180036c40     TriangleMeshBuilder.obj
 0003:00000c50       ?minFError@_VecMathTests@aos@shdfnd@physx@@3T__m128@@B 0000000180036c50     TriangleMeshBuilder.obj
 0003:00000c60       ?maxV4Error@_VecMathTests@aos@shdfnd@physx@@3T__m128@@B 0000000180036c60     TriangleMeshBuilder.obj
 0003:00000c70       ?minV4Error@_VecMathTests@aos@shdfnd@physx@@3T__m128@@B 0000000180036c70     TriangleMeshBuilder.obj
 0003:00000c80       ?minV3Error@_VecMathTests@aos@shdfnd@physx@@3T__m128@@B 0000000180036c80     TriangleMeshBuilder.obj
 0003:00000c90       ?maxFError@_VecMathTests@aos@shdfnd@physx@@3T__m128@@B 0000000180036c90     TriangleMeshBuilder.obj
 0003:00000ca0       ?maxV3Error@_VecMathTests@aos@shdfnd@physx@@3T__m128@@B 0000000180036ca0     BigConvexDataBuilder.obj
 0003:00000cb0       ?minFError@_VecMathTests@aos@shdfnd@physx@@3T__m128@@B 0000000180036cb0     BigConvexDataBuilder.obj
 0003:00000cc0       ?maxV4Error@_VecMathTests@aos@shdfnd@physx@@3T__m128@@B 0000000180036cc0     BigConvexDataBuilder.obj
 0003:00000cd0       ?minV4Error@_VecMathTests@aos@shdfnd@physx@@3T__m128@@B 0000000180036cd0     BigConvexDataBuilder.obj
 0003:00000ce0       ?minV3Error@_VecMathTests@aos@shdfnd@physx@@3T__m128@@B 0000000180036ce0     BigConvexDataBuilder.obj
 0003:00000cf0       ?maxFError@_VecMathTests@aos@shdfnd@physx@@3T__m128@@B 0000000180036cf0     BigConvexDataBuilder.obj
 0003:00000d00       ?maxV3Error@_VecMathTests@aos@shdfnd@physx@@3T__m128@@B 0000000180036d00     ConvexHullBuilder.obj
 0003:00000d10       ?minFError@_VecMathTests@aos@shdfnd@physx@@3T__m128@@B 0000000180036d10     ConvexHullBuilder.obj
 0003:00000d20       ?maxV4Error@_VecMathTests@aos@shdfnd@physx@@3T__m128@@B 0000000180036d20     ConvexHullBuilder.obj
 0003:00000d30       ?minV4Error@_VecMathTests@aos@shdfnd@physx@@3T__m128@@B 0000000180036d30     ConvexHullBuilder.obj
 0003:00000d40       ?minV3Error@_VecMathTests@aos@shdfnd@physx@@3T__m128@@B 0000000180036d40     ConvexHullBuilder.obj
 0003:00000d50       ?maxFError@_VecMathTests@aos@shdfnd@physx@@3T__m128@@B 0000000180036d50     ConvexHullBuilder.obj
 0003:00000d60       ?maxV3Error@_VecMathTests@aos@shdfnd@physx@@3T__m128@@B 0000000180036d60     ConvexHullUtils.obj
 0003:00000d70       ?minFError@_VecMathTests@aos@shdfnd@physx@@3T__m128@@B 0000000180036d70     ConvexHullUtils.obj
 0003:00000d80       ?maxV4Error@_VecMathTests@aos@shdfnd@physx@@3T__m128@@B 0000000180036d80     ConvexHullUtils.obj
 0003:00000d90       ?minV4Error@_VecMathTests@aos@shdfnd@physx@@3T__m128@@B 0000000180036d90     ConvexHullUtils.obj
 0003:00000da0       ?minV3Error@_VecMathTests@aos@shdfnd@physx@@3T__m128@@B 0000000180036da0     ConvexHullUtils.obj
 0003:00000db0       ?maxFError@_VecMathTests@aos@shdfnd@physx@@3T__m128@@B 0000000180036db0     ConvexHullUtils.obj
 0003:00000dc0       ?maxV3Error@_VecMathTests@aos@shdfnd@physx@@3T__m128@@B 0000000180036dc0     ConvexMeshBuilder.obj
 0003:00000dd0       ?minFError@_VecMathTests@aos@shdfnd@physx@@3T__m128@@B 0000000180036dd0     ConvexMeshBuilder.obj
 0003:00000de0       ?maxV4Error@_VecMathTests@aos@shdfnd@physx@@3T__m128@@B 0000000180036de0     ConvexMeshBuilder.obj
 0003:00000df0       ?minV4Error@_VecMathTests@aos@shdfnd@physx@@3T__m128@@B 0000000180036df0     ConvexMeshBuilder.obj
 0003:00000e00       ?minV3Error@_VecMathTests@aos@shdfnd@physx@@3T__m128@@B 0000000180036e00     ConvexMeshBuilder.obj
 0003:00000e10       ?maxFError@_VecMathTests@aos@shdfnd@physx@@3T__m128@@B 0000000180036e10     ConvexMeshBuilder.obj
 0003:00000e20       ?maxV3Error@_VecMathTests@aos@shdfnd@physx@@3T__m128@@B 0000000180036e20     VolumeIntegration.obj
 0003:00000e30       ?minFError@_VecMathTests@aos@shdfnd@physx@@3T__m128@@B 0000000180036e30     VolumeIntegration.obj
 0003:00000e40       ?maxV4Error@_VecMathTests@aos@shdfnd@physx@@3T__m128@@B 0000000180036e40     VolumeIntegration.obj
 0003:00000e50       ?minV4Error@_VecMathTests@aos@shdfnd@physx@@3T__m128@@B 0000000180036e50     VolumeIntegration.obj
 0003:00000e60       ?minV3Error@_VecMathTests@aos@shdfnd@physx@@3T__m128@@B 0000000180036e60     VolumeIntegration.obj
 0003:00000e70       ?maxFError@_VecMathTests@aos@shdfnd@physx@@3T__m128@@B 0000000180036e70     VolumeIntegration.obj
 0003:00000e80       ?gCookingDelayLoadHook@@3PEBVPxDelayLoadHook@physx@@EB 0000000180036e80     WindowsCookingDelayLoadHook.obj
 0003:00000ee0       GS_ExceptionRecord         0000000180036ee0     MSVCRT:gs_report.obj
 0003:00000f80       GS_ContextRecord           0000000180036f80     MSVCRT:gs_report.obj
 0003:00001450       ?__proc_attached@@3HA      0000000180037450     MSVCRT:dll_dllmain.obj
 0003:00001478       ?is_initialized_as_dll@@3_NA 0000000180037478     MSVCRT:utility.obj
 0003:00001479       ?module_local_atexit_table_initialized@@3_NA 0000000180037479     MSVCRT:utility.obj
 0003:00001480       ?module_local_atexit_table@@3U_onexit_table_t@@A 0000000180037480     MSVCRT:utility.obj
 0003:00001498       ?module_local_at_quick_exit_table@@3U_onexit_table_t@@A 0000000180037498     MSVCRT:utility.obj
 0005:00000000       _2il0floatpacket$19        000000018003a000     MSVCRT:svml_ssinf4_sse2.obj
 0005:00002200       _vmlsSinHATab              000000018003c200     MSVCRT:svml_s_sin_cout.obj
 0006:000000a0       $R000000                   000000018003d0a0     PhysXCooking.res
 0006:000003d0       $R000330                   000000018003d3d0     PhysXCooking.res
